Component: ARM Compiler 5.06 update 7 (build 960) Tool: armlink [4d3601]

==============================================================================

Section Cross References

    startup_stm32f103xe.o(STACK) refers (Special) to heapauxi.o(.text) for __use_two_region_memory
    startup_stm32f103xe.o(HEAP) refers (Special) to heapauxi.o(.text) for __use_two_region_memory
    startup_stm32f103xe.o(RESET) refers (Special) to heapauxi.o(.text) for __use_two_region_memory
    startup_stm32f103xe.o(RESET) refers to startup_stm32f103xe.o(STACK) for __initial_sp
    startup_stm32f103xe.o(RESET) refers to startup_stm32f103xe.o(.text) for Reset_Handler
    startup_stm32f103xe.o(RESET) refers to stm32f1xx_it.o(i.NMI_Handler) for NMI_Handler
    startup_stm32f103xe.o(RESET) refers to stm32f1xx_it.o(i.HardFault_Handler) for HardFault_Handler
    startup_stm32f103xe.o(RESET) refers to stm32f1xx_it.o(i.MemManage_Handler) for MemManage_Handler
    startup_stm32f103xe.o(RESET) refers to stm32f1xx_it.o(i.BusFault_Handler) for BusFault_Handler
    startup_stm32f103xe.o(RESET) refers to stm32f1xx_it.o(i.UsageFault_Handler) for UsageFault_Handler
    startup_stm32f103xe.o(RESET) refers to stm32f1xx_it.o(i.SVC_Handler) for SVC_Handler
    startup_stm32f103xe.o(RESET) refers to stm32f1xx_it.o(i.DebugMon_Handler) for DebugMon_Handler
    startup_stm32f103xe.o(RESET) refers to stm32f1xx_it.o(i.PendSV_Handler) for PendSV_Handler
    startup_stm32f103xe.o(RESET) refers to stm32f1xx_it.o(i.SysTick_Handler) for SysTick_Handler
    startup_stm32f103xe.o(RESET) refers to usmart_port.o(i.TIM4_IRQHandler) for TIM4_IRQHandler
    startup_stm32f103xe.o(RESET) refers to usart.o(i.USART1_IRQHandler) for USART1_IRQHandler
    startup_stm32f103xe.o(RESET) refers to rs485.o(i.USART2_IRQHandler) for USART2_IRQHandler
    startup_stm32f103xe.o(.text) refers (Special) to heapauxi.o(.text) for __use_two_region_memory
    startup_stm32f103xe.o(.text) refers to system_stm32f1xx.o(i.SystemInit) for SystemInit
    startup_stm32f103xe.o(.text) refers to __main.o(!!!main) for __main
    startup_stm32f103xe.o(.text) refers to startup_stm32f103xe.o(HEAP) for Heap_Mem
    startup_stm32f103xe.o(.text) refers to startup_stm32f103xe.o(STACK) for Stack_Mem
    main.o(i.main) refers to stm32f1xx_hal.o(i.HAL_Init) for HAL_Init
    main.o(i.main) refers to sys.o(i.sys_stm32_clock_init) for sys_stm32_clock_init
    main.o(i.main) refers to delay.o(i.delay_init) for delay_init
    main.o(i.main) refers to usart.o(i.usart_init) for usart_init
    main.o(i.main) refers to led.o(i.led_init) for led_init
    main.o(i.main) refers to lcd.o(i.lcd_init) for lcd_init
    main.o(i.main) refers to key.o(i.key_init) for key_init
    main.o(i.main) refers to rs485.o(i.rs485_init) for rs485_init
    main.o(i.main) refers to lcd.o(i.lcd_show_string) for lcd_show_string
    main.o(i.main) refers to key.o(i.key_scan) for key_scan
    main.o(i.main) refers to lcd.o(i.lcd_show_xnum) for lcd_show_xnum
    main.o(i.main) refers to rs485.o(i.rs485_send_data) for rs485_send_data
    main.o(i.main) refers to rs485.o(i.rs485_receive_data) for rs485_receive_data
    main.o(i.main) refers to delay.o(i.delay_ms) for delay_ms
    main.o(i.main) refers to stm32f1xx_hal_gpio.o(i.HAL_GPIO_TogglePin) for HAL_GPIO_TogglePin
    main.o(i.main) refers to usmart_config.o(.data) for usmart_dev
    system_stm32f1xx.o(i.SystemCoreClockUpdate) refers to system_stm32f1xx.o(.data) for SystemCoreClock
    system_stm32f1xx.o(i.SystemCoreClockUpdate) refers to system_stm32f1xx.o(.constdata) for AHBPrescTable
    stm32f1xx_it.o(i.SysTick_Handler) refers to stm32f1xx_hal.o(i.HAL_IncTick) for HAL_IncTick
    delay.o(i.HAL_Delay) refers to delay.o(i.delay_ms) for delay_ms
    delay.o(i.delay_init) refers to delay.o(.data) for g_fac_us
    delay.o(i.delay_ms) refers to delay.o(i.delay_us) for delay_us
    delay.o(i.delay_us) refers to delay.o(.data) for g_fac_us
    sys.o(i.sys_stm32_clock_init) refers to rt_memclr_w.o(.text) for __aeabi_memclr4
    sys.o(i.sys_stm32_clock_init) refers to stm32f1xx_hal_rcc.o(i.HAL_RCC_OscConfig) for HAL_RCC_OscConfig
    sys.o(i.sys_stm32_clock_init) refers to stm32f1xx_hal_rcc.o(i.HAL_RCC_ClockConfig) for HAL_RCC_ClockConfig
    usart.o(.rev16_text) refers (Special) to use_no_semi_2.o(.text) for __use_no_semihosting
    usart.o(.revsh_text) refers (Special) to use_no_semi_2.o(.text) for __use_no_semihosting
    usart.o(.rrx_text) refers (Special) to use_no_semi_2.o(.text) for __use_no_semihosting
    usart.o(i.HAL_UART_MspInit) refers (Special) to use_no_semi_2.o(.text) for __use_no_semihosting
    usart.o(i.HAL_UART_MspInit) refers to stm32f1xx_hal_gpio.o(i.HAL_GPIO_Init) for HAL_GPIO_Init
    usart.o(i.HAL_UART_MspInit) refers to stm32f1xx_hal_cortex.o(i.HAL_NVIC_EnableIRQ) for HAL_NVIC_EnableIRQ
    usart.o(i.HAL_UART_MspInit) refers to stm32f1xx_hal_cortex.o(i.HAL_NVIC_SetPriority) for HAL_NVIC_SetPriority
[...]
    .ARM.Collect$$_printf_percent$$00000014  0x080001fc   Section        6  _printf_s.o(.ARM.Collect$$_printf_percent$$00000014)
    .ARM.Collect$$_printf_percent$$00000017  0x08000202   Section        4  _printf_percent_end.o(.ARM.Collect$$_printf_percent$$00000017)
    .ARM.Collect$$libinit$$00000000          0x08000206   Section        2  libinit.o(.ARM.Collect$$libinit$$00000000)
    .ARM.Collect$$libinit$$00000002          0x08000208   Section        0  libinit2.o(.ARM.Collect$$libinit$$00000002)
    .ARM.Collect$$libinit$$00000004          0x08000208   Section        0  libinit2.o(.ARM.Collect$$libinit$$00000004)
    .ARM.Collect$$libinit$$0000000A          0x08000208   Section        0  libinit2.o(.ARM.Collect$$libinit$$0000000A)
    .ARM.Collect$$libinit$$0000000C          0x08000208   Section        0  libinit2.o(.ARM.Collect$$libinit$$0000000C)
    .ARM.Collect$$libinit$$0000000E          0x08000208   Section        0  libinit2.o(.ARM.Collect$$libinit$$0000000E)
    .ARM.Collect$$libinit$$00000011          0x08000208   Section        0  libinit2.o(.ARM.Collect$$libinit$$00000011)
    .ARM.Collect$$libinit$$00000013          0x08000208   Section        0  libinit2.o(.ARM.Collect$$libinit$$00000013)
    .ARM.Collect$$libinit$$00000015          0x08000208   Section        0  libinit2.o(.ARM.Collect$$libinit$$00000015)
    .ARM.Collect$$libinit$$00000017          0x08000208   Section        0  libinit2.o(.ARM.Collect$$libinit$$00000017)
    .ARM.Collect$$libinit$$00000019          0x08000208   Section        0  libinit2.o(.ARM.Collect$$libinit$$00000019)
    .ARM.Collect$$libinit$$0000001B          0x08000208   Section        0  libinit2.o(.ARM.Collect$$libinit$$0000001B)
    .ARM.Collect$$libinit$$0000001D          0x08000208   Section        0  libinit2.o(.ARM.Collect$$libinit$$0000001D)
    .ARM.Collect$$libinit$$0000001F          0x08000208   Section        0  libinit2.o(.ARM.Collect$$libinit$$0000001F)
    .ARM.Collect$$libinit$$00000021          0x08000208   Section        0  libinit2.o(.ARM.Collect$$libinit$$00000021)
    .ARM.Collect$$libinit$$00000023          0x08000208   Section        0  libinit2.o(.ARM.Collect$$libinit$$00000023)
    .ARM.Collect$$libinit$$00000025          0x08000208   Section        0  libinit2.o(.ARM.Collect$$libinit$$00000025)
    .ARM.Collect$$libinit$$0000002C          0x08000208   Section        0  libinit2.o(.ARM.Collect$$libinit$$0000002C)
    .ARM.Collect$$libinit$$0000002E          0x08000208   Section        0  libinit2.o(.ARM.Collect$$libinit$$0000002E)
    .ARM.Collect$$libinit$$00000030          0x08000208   Section        0  libinit2.o(.ARM.Collect$$libinit$$00000030)
    .ARM.Collect$$libinit$$00000032          0x08000208   Section        0  libinit2.o(.ARM.Collect$$libinit$$00000032)
    .ARM.Collect$$libinit$$00000033          0x08000208   Section        2  libinit2.o(.ARM.Collect$$libinit$$00000033)
    .ARM.Collect$$libshutdown$$00000000      0x0800020a   Section        2  libshutdown.o(.ARM.Collect$$libshutdown$$00000000)
    .ARM.Collect$$libshutdown$$00000002      0x0800020c   Section        0  libshutdown2.o(.ARM.Collect$$libshutdown$$00000002)
    .ARM.Collect$$libshutdown$$00000004      0x0800020c   Section        0  libshutdown2.o(.ARM.Collect$$libshutdown$$00000004)
    .ARM.Collect$$libshutdown$$00000006      0x0800020c   Section        0  libshutdown2.o(.ARM.Collect$$libshutdown$$00000006)
    .ARM.Collect$$libshutdown$$00000009      0x0800020c   Section        0  libshutdown2.o(.ARM.Collect$$libshutdown$$00000009)
    .ARM.Collect$$libshutdown$$0000000C      0x0800020c   Section        0  libshutdown2.o(.ARM.Collect$$libshutdown$$0000000C)
    .ARM.Collect$$libshutdown$$0000000E      0x0800020c   Section        0  libshutdown2.o(.ARM.Collect$$libshutdown$$0000000E)
    .ARM.Collect$$libshutdown$$00000011      0x0800020c   Section        0  libshutdown2.o(.ARM.Collect$$libshutdown$$00000011)
    .ARM.Collect$$libshutdown$$00000012      0x0800020c   Section        2  libshutdown2.o(.ARM.Collect$$libshutdown$$00000012)
    .ARM.Collect$$rtentry$$00000000          0x0800020e   Section        0  __rtentry.o(.ARM.Collect$$rtentry$$00000000)
    .ARM.Collect$$rtentry$$00000002          0x0800020e   Section        0  __rtentry2.o(.ARM.Collect$$rtentry$$00000002)
    .ARM.Collect$$rtentry$$00000004          0x0800020e   Section        6  __rtentry4.o(.ARM.Collect$$rtentry$$00000004)
    .ARM.Collect$$rtentry$$00000009          0x08000214   Section        0  __rtentry2.o(.ARM.Collect$$rtentry$$00000009)
    .ARM.Collect$$rtentry$$0000000A          0x08000214   Section        4  __rtentry2.o(.ARM.Collect$$rtentry$$0000000A)
    .ARM.Collect$$rtentry$$0000000C          0x08000218   Section        0  __rtentry2.o(.ARM.Collect$$rtentry$$0000000C)
    .ARM.Collect$$rtentry$$0000000D          0x08000218   Section        8  __rtentry2.o(.ARM.Collect$$rtentry$$0000000D)
    .ARM.Collect$$rtexit$$00000000           0x08000220   Section        2  rtexit.o(.ARM.Collect$$rtexit$$00000000)
    .ARM.Collect$$rtexit$$00000002           0x08000222   Section        0  rtexit2.o(.ARM.Collect$$rtexit$$00000002)
    .ARM.Collect$$rtexit$$00000003           0x08000222   Section        4  rtexit2.o(.ARM.Collect$$rtexit$$00000003)
    .ARM.Collect$$rtexit$$00000004           0x08000226   Section        6  rtexit2.o(.ARM.Collect$$rtexit$$00000004)
    .text                                    0x0800022c   Section       64  startup_stm32f103xe.o(.text)
    .text                                    0x0800026c   Section        2  use_no_semi_2.o(.text)
    .text                                    0x08000270   Section        0  noretval__2printf.o(.text)
    .text                                    0x08000288   Section        0  _printf_pad.o(.text)
    .text                                    0x080002d6   Section        0  _printf_str.o(.text)
    .text                                    0x08000328   Section        0  _printf_dec.o(.text)
    .text                                    0x080003a0   Section        0  _printf_hex_int.o(.text)
    .text                                    0x080003f8   Section        0  __printf_flags_ss_wp.o(.text)
    .text                                    0x08000580   Section       78  rt_memclr_w.o(.text)
    .text                                    0x080005ce   Section        0  heapauxi.o(.text)
    .text                                    0x080005d4   Section        2  use_no_semi.o(.text)
    .text                                    0x080005d6   Section        0  _printf_intcommon.o(.text)
    .text                                    0x08000688   Section        0  _printf_char.o(.text)
    .text                                    0x080006b4   Section        0  _printf_char_file.o(.text)
    .text                                    0x080006d8   Section        0  _printf_char_common.o(.text)
    _printf_input_char                       0x080006d9   Thumb Code    10  _printf_char_common.o(.text)
    .text                                    0x08000708   Section        0  ferror.o(.text)
    .text                                    0x08000710   Section       74  sys_stackheap_outer.o(.text)
    .text                                    0x0800075a   Section        0  exit.o(.text)
    .text                                    0x0800076c   Section        8  libspace.o(.text)
    i.BusFault_Handler                       0x08000774   Section        0  stm32f1xx_it.o(i.BusFault_Handler)
    i.DebugMon_Handler                       0x08000778   Section        0  stm32f1xx_it.o(i.DebugMon_Handler)
    i.FSMC_NORSRAM_Extended_Timing_Init      0x0800077c   Section        0  stm32f1xx_ll_fsmc.o(i.FSMC_NORSRAM_Extended_Timing_Init)
    i.FSMC_NORSRAM_Init                      0x080007c0   Section        0  stm32f1xx_ll_fsmc.o(i.FSMC_NORSRAM_Init)
    i.FSMC_NORSRAM_Timing_Init               0x08000838   Section        0  stm32f1xx_ll_fsmc.o(i.FSMC_NORSRAM_Timing_Init)
    i.HAL_DMA_Abort_IT                       0x0800087c   Section        0  stm32f1xx_hal_dma.o(i.HAL_DMA_Abort_IT)
    i.HAL_GPIO_Init                          0x08000a24   Section        0  stm32f1xx_hal_gpio.o(i.HAL_GPIO_Init)
    i.HAL_GPIO_ReadPin                       0x08000d64   Section        0  stm32f1xx_hal_gpio.o(i.HAL_GPIO_ReadPin)
    i.HAL_GPIO_TogglePin                     0x08000d74   Section        0  stm32f1xx_hal_gpio.o(i.HAL_GPIO_TogglePin)
    i.HAL_GPIO_WritePin                      0x08000d88   Section        0  stm32f1xx_hal_gpio.o(i.HAL_GPIO_WritePin)
    i.HAL_GetTick                            0x08000d94   Section        0  stm32f1xx_hal.o(i.HAL_GetTick)
    i.HAL_IncTick                            0x08000da0   Section        0  stm32f1xx_hal.o(i.HAL_IncTick)
    i.HAL_Init                               0x08000db8   Section        0  stm32f1xx_hal.o(i.HAL_Init)
    i.HAL_InitTick                           0x08000de0   Section        0  stm32f1xx_hal.o(i.HAL_InitTick)
    i.HAL_MspInit                            0x08000e2c   Section        0  stm32f1xx_hal.o(i.HAL_MspInit)
    i.HAL_NVIC_EnableIRQ                     0x08000e2e   Section        0  stm32f1xx_hal_cortex.o(i.HAL_NVIC_EnableIRQ)
    i.HAL_NVIC_SetPriority                   0x08000e4e   Section        0  stm32f1xx_hal_cortex.o(i.HAL_NVIC_SetPriority)
    i.HAL_NVIC_SetPriorityGrouping           0x08000ecc   Section        0  stm32f1xx_hal_cortex.o(i.HAL_NVIC_SetPriorityGrouping)
    i.HAL_RCC_ClockConfig                    0x08000ef4   Section        0  stm32f1xx_hal_rcc.o(i.HAL_RCC_ClockConfig)
    i.HAL_RCC_GetHCLKFreq                    0x08001080   Section        0  stm32f1xx_hal_rcc.o(i.HAL_RCC_GetHCLKFreq)
    i.HAL_RCC_GetPCLK1Freq                   0x0800108c   Section        0  stm32f1xx_hal_rcc.o(i.HAL_RCC_GetPCLK1Freq)
    i.HAL_RCC_GetPCLK2Freq                   0x080010ac   Section        0  stm32f1xx_hal_rcc.o(i.HAL_RCC_GetPCLK2Freq)
    i.HAL_RCC_GetSysClockFreq                0x080010cc   Section        0  stm32f1xx_hal_rcc.o(i.HAL_RCC_GetSysClockFreq)
    i.HAL_RCC_OscConfig                      0x08001160   Section        0  stm32f1xx_hal_rcc.o(i.HAL_RCC_OscConfig)
    i.HAL_SRAM_Init                          0x080015c4   Section        0  stm32f1xx_hal_sram.o(i.HAL_SRAM_Init)
    i.HAL_SRAM_MspInit                       0x0800162c   Section        0  lcd.o(i.HAL_SRAM_MspInit)
    i.HAL_SYSTICK_Config                     0x080016bc   Section        0  stm32f1xx_hal_cortex.o(i.HAL_SYSTICK_Config)
    i.HAL_TIM_Base_Init                      0x080016f0   Section        0  stm32f1xx_hal_tim.o(i.HAL_TIM_Base_Init)
    i.HAL_TIM_Base_MspInit                   0x08001756   Section        0  stm32f1xx_hal_tim.o(i.HAL_TIM_Base_MspInit)
    i.HAL_TIM_Base_Start_IT                  0x08001758   Section        0  stm32f1xx_hal_tim.o(i.HAL_TIM_Base_Start_IT)
    i.HAL_UART_ErrorCallback                 0x080017e8   Section        0  stm32f1xx_hal_uart.o(i.HAL_UART_ErrorCallback)
    i.HAL_UART_IRQHandler                    0x080017ec   Section        0  stm32f1xx_hal_uart.o(i.HAL_UART_IRQHandler)
    i.HAL_UART_Init                          0x08001940   Section        0  stm32f1xx_hal_uart.o(i.HAL_UART_Init)
    i.HAL_UART_MspInit                       0x080019b4   Section        0  usart.o(i.HAL_UART_MspInit)
    i.HAL_UART_Receive                       0x08001a68   Section        0  stm32f1xx_hal_uart.o(i.HAL_UART_Receive)
    i.HAL_UART_Receive_IT                    0x08001b40   Section        0  stm32f1xx_hal_uart.o(i.HAL_UART_Receive_IT)
    i.HAL_UART_RxCpltCallback                0x08001bb0   Section        0  usart.o(i.HAL_UART_RxCpltCallback)
    i.HAL_UART_Transmit                      0x08001c4c   Section        0  stm32f1xx_hal_uart.o(i.HAL_UART_Transmit)
    i.HAL_UART_TxCpltCallback                0x08001d1e   Section        0  stm32f1xx_hal_uart.o(i.HAL_UART_TxCpltCallback)
    i.HardFault_Handler                      0x08001d20   Section        0  stm32f1xx_it.o(i.HardFault_Handler)
    i.MemManage_Handler                      0x08001d24   Section        0  stm32f1xx_it.o(i.MemManage_Handler)
    i.NMI_Handler                            0x08001d28   Section        0  stm32f1xx_it.o(i.NMI_Handler)
    i.PendSV_Handler                         0x08001d2a   Section        0  stm32f1xx_it.o(i.PendSV_Handler)
    i.RCC_Delay                              0x08001d2c   Section        0  stm32f1xx_hal_rcc.o(i.RCC_Delay)
    RCC_Delay                                0x08001d2d   Thumb Code    36  stm32f1xx_hal_rcc.o(i.RCC_Delay)
    i.SVC_Handler                            0x08001d54   Section        0  stm32f1xx_it.o(i.SVC_Handler)
    i.SysTick_Handler                        0x08001d56   Section        0  stm32f1xx_it.o(i.SysTick_Handler)
    i.SystemInit                             0x08001d5e   Section        0  system_stm32f1xx.o(i.SystemInit)
    i.TIM4_IRQHandler                        0x08001d60   Section        0  usmart_port.o(i.TIM4_IRQHandler)
    i.TIM_Base_SetConfig                     0x08001da4   Section        0  stm32f1xx_hal_tim.o(i.TIM_Base_SetConfig)
    i.UART_DMAAbortOnError                   0x08001e40   Section        0  stm32f1xx_hal_uart.o(i.UART_DMAAbortOnError)
    UART_DMAAbortOnError                     0x08001e41   Thumb Code    20  stm32f1xx_hal_uart.o(i.UART_DMAAbortOnError)
    i.UART_EndRxTransfer                     0x08001e54   Section        0  stm32f1xx_hal_uart.o(i.UART_EndRxTransfer)
    UART_EndRxTransfer                       0x08001e55   Thumb Code    32  stm32f1xx_hal_uart.o(i.UART_EndRxTransfer)
    i.UART_EndTransmit_IT                    0x08001e74   Section        0  stm32f1xx_hal_uart.o(i.UART_EndTransmit_IT)
    UART_EndTransmit_IT                      0x08001e75   Thumb Code    32  stm32f1xx_hal_uart.o(i.UART_EndTransmit_IT)
    i.UART_Receive_IT                        0x08001e94   Section        0  stm32f1xx_hal_uart.o(i.UART_Receive_IT)
    UART_Receive_IT                          0x08001e95   Thumb Code   160  stm32f1xx_hal_uart.o(i.UART_Receive_IT)
    i.UART_SetConfig                         0x08001f34   Section        0  stm32f1xx_hal_uart.o(i.UART_SetConfig)
    UART_SetConfig                           0x08001f35   Thumb Code   248  stm32f1xx_hal_uart.o(i.UART_SetConfig)
    i.UART_Transmit_IT                       0x08002030   Section        0  stm32f1xx_hal_uart.o(i.UART_Transmit_IT)
    UART_Transmit_IT                         0x08002031   Thumb Code    96  stm32f1xx_hal_uart.o(i.UART_Transmit_IT)
    i.UART_WaitOnFlagUntilTimeout            0x08002090   Section        0  stm32f1xx_hal_uart.o(i.UART_WaitOnFlagUntilTimeout)
    UART_WaitOnFlagUntilTimeout              0x08002091   Thumb Code   108  stm32f1xx_hal_uart.o(i.UART_WaitOnFlagUntilTimeout)
    i.USART1_IRQHandler                      0x080020fc   Section        0  usart.o(i.USART1_IRQHandler)
    i.USART2_IRQHandler                      0x0800210c   Section        0  rs485.o(i.USART2_IRQHandler)
    i.UsageFault_Handler                     0x08002154   Section        0  stm32f1xx_it.o(i.UsageFault_Handler)
    i.__NVIC_GetPriorityGrouping             0x08002158   Section        0  stm32f1xx_hal_cortex.o(i.__NVIC_GetPriorityGrouping)
    __NVIC_GetPriorityGrouping               0x08002159   Thumb Code    10  stm32f1xx_hal_cortex.o(i.__NVIC_GetPriorityGrouping)
    i.__NVIC_SetPriority                     0x08002168   Section        0  stm32f1xx_hal_cortex.o(i.__NVIC_SetPriority)
    __NVIC_SetPriority                       0x08002169   Thumb Code    32  stm32f1xx_hal_cortex.o(i.__NVIC_SetPriority)
    i._is_digit                              0x08002190   Section        0  __printf_wp.o(i._is_digit)
    i._sys_exit                              0x0800219e   Section        0  usart.o(i._sys_exit)
    i.delay_init                             0x080021a4   Section        0  delay.o(i.delay_init)
    i.delay_ms                               0x080021b0   Section        0  delay.o(i.delay_ms)
    i.delay_us                               0x080021c4   Section        0  delay.o(i.delay_us)
    i.fputc                                  0x0800220c   Section        0  usart.o(i.fputc)
    i.key_init                               0x08002228   Section        0  key.o(i.key_init)
    i.key_scan                               0x080022e0   Section        0  key.o(i.key_scan)
    i.lcd_clear                              0x08002380   Section        0  lcd.o(i.lcd_clear)
    i.lcd_display_dir                        0x080023b4   Section        0  lcd.o(i.lcd_display_dir)
    i.lcd_draw_point                         0x08002520   Section        0  lcd.o(i.lcd_draw_point)
    i.lcd_ex_ili9341_reginit                 0x08002540   Section        0  lcd.o(i.lcd_ex_ili9341_reginit)
    i.lcd_ex_ili9806_reginit                 0x0800276c   Section        0  lcd.o(i.lcd_ex_ili9806_reginit)
    i.lcd_ex_nt35310_reginit                 0x08002aac   Section        0  lcd.o(i.lcd_ex_nt35310_reginit)
    i.lcd_ex_nt35510_reginit                 0x0800399e   Section        0  lcd.o(i.lcd_ex_nt35510_reginit)
    i.lcd_ex_ssd1963_reginit                 0x0800489a   Section        0  lcd.o(i.lcd_ex_ssd1963_reginit)
    i.lcd_ex_st7789_reginit                  0x08004a08   Section        0  lcd.o(i.lcd_ex_st7789_reginit)
    i.lcd_ex_st7796_reginit                  0x08004bb0   Section        0  lcd.o(i.lcd_ex_st7796_reginit)
    i.lcd_init                               0x08004d78   Section        0  lcd.o(i.lcd_init)
    i.lcd_opt_delay                          0x080051e0   Section        0  lcd.o(i.lcd_opt_delay)
    lcd_opt_delay                            0x080051e1   Thumb Code    12  lcd.o(i.lcd_opt_delay)
    i.lcd_pow                                0x080051ec   Section        0  lcd.o(i.lcd_pow)
    lcd_pow                                  0x080051ed   Thumb Code    22  lcd.o(i.lcd_pow)
    i.lcd_rd_data                            0x08005204   Section        0  lcd.o(i.lcd_rd_data)
    lcd_rd_data                              0x08005205   Thumb Code    20  lcd.o(i.lcd_rd_data)
    i.lcd_scan_dir                           0x0800521c   Section        0  lcd.o(i.lcd_scan_dir)
    i.lcd_set_cursor                         0x08005458   Section        0  lcd.o(i.lcd_set_cursor)
    i.lcd_show_char                          0x08005578   Section        0  lcd.o(i.lcd_show_char)
    i.lcd_show_string                        0x080056b8   Section        0  lcd.o(i.lcd_show_string)
    i.lcd_show_xnum                          0x08005722   Section        0  lcd.o(i.lcd_show_xnum)
    i.lcd_ssd_backlight_set                  0x080057e8   Section        0  lcd.o(i.lcd_ssd_backlight_set)
    i.lcd_wr_data                            0x0800583c   Section        0  lcd.o(i.lcd_wr_data)
    i.lcd_wr_regno                           0x08005854   Section        0  lcd.o(i.lcd_wr_regno)
    i.lcd_write_ram_prepare                  0x0800586c   Section        0  lcd.o(i.lcd_write_ram_prepare)
    i.lcd_write_reg                          0x08005880   Section        0  lcd.o(i.lcd_write_reg)
    i.led_init                               0x08005890   Section        0  led.o(i.led_init)
    i.main                                   0x08005920   Section        0  main.o(i.main)
    i.read_addr                              0x08005b3c   Section        0  usmart.o(i.read_addr)
    i.rs485_init                             0x08005b44   Section        0  rs485.o(i.rs485_init)
    i.rs485_receive_data                     0x08005c64   Section        0  rs485.o(i.rs485_receive_data)
    i.rs485_send_data                        0x08005cb0   Section        0  rs485.o(i.rs485_send_data)
    i.sys_stm32_clock_init                   0x08005cf4   Section        0  sys.o(i.sys_stm32_clock_init)
    i.usart_init                             0x08005d5c   Section        0  usart.o(i.usart_init)
    i.usmart_cmd_rec                         0x08005d94   Section        0  usmart.o(i.usmart_cmd_rec)
    i.usmart_exe                             0x08005e44   Section        0  usmart.o(i.usmart_exe)
    i.usmart_get_aparm                       0x08006118   Section        0  usmart_str.o(i.usmart_get_aparm)
    i.usmart_get_cmdname                     0x080061ec   Section        0  usmart_str.o(i.usmart_get_cmdname)
    i.usmart_get_fname                       0x08006224   Section        0  usmart_str.o(i.usmart_get_fname)
    i.usmart_get_fparam                      0x080063e4   Section        0  usmart_str.o(i.usmart_get_fparam)
    i.usmart_get_input_string                0x080064f0   Section        0  usmart_port.o(i.usmart_get_input_string)
    i.usmart_get_parmpos                     0x08006518   Section        0  usmart_str.o(i.usmart_get_parmpos)
    i.usmart_init                            0x08006538   Section        0  usmart.o(i.usmart_init)
    i.usmart_pow                             0x08006560   Section        0  usmart_str.o(i.usmart_pow)
    i.usmart_scan                            0x08006578   Section        0  usmart.o(i.usmart_scan)
    i.usmart_search_nextc                    0x08006620   Section        0  usmart_str.o(i.usmart_search_nextc)
    i.usmart_str2num                         0x08006636   Section        0  usmart_str.o(i.usmart_str2num)
    i.usmart_strcmp                          0x0800673c   Section        0  usmart_str.o(i.usmart_strcmp)
    i.usmart_strcopy                         0x0800675e   Section        0  usmart_str.o(i.usmart_strcopy)
    i.usmart_strlen                          0x08006774   Section        0  usmart_str.o(i.usmart_strlen)
    i.usmart_sys_cmd_exe                     0x0800678c   Section        0  usmart.o(i.usmart_sys_cmd_exe)
    i.usmart_timx_get_time                   0x08006e80   Section        0  usmart_port.o(i.usmart_timx_get_time)
    i.usmart_timx_init                       0x08006ec4   Section        0  usmart_port.o(i.usmart_timx_init)
    i.usmart_timx_reset_time                 0x08006f24   Section        0  usmart_port.o(i.usmart_timx_reset_time)
    i.write_addr                             0x08006f58   Section        0  usmart.o(i.write_addr)
    x$fpl$dfixu                              0x08006f5c   Section       90  dfixu.o(x$fpl$dfixu)
    x$fpl$dfltu                              0x08006fb6   Section       38  dflt_clz.o(x$fpl$dfltu)
    x$fpl$dmul                               0x08006fdc   Section      340  dmul.o(x$fpl$dmul)
    x$fpl$dnaninf                            0x08007130   Section      156  dnaninf.o(x$fpl$dnaninf)
    x$fpl$dretinf                            0x080071cc   Section       12  dretinf.o(x$fpl$dretinf)
    .constdata                               0x080071d8   Section       24  system_stm32f1xx.o(.constdata)
    x$fpl$usenofp                            0x080071d8   Section        0  usenofp.o(x$fpl$usenofp)
    .constdata                               0x080071f0   Section    12160  lcd.o(.constdata)
    .constdata                               0x0800a170   Section       40  _printf_hex_int.o(.constdata)
    uc_hextab                                0x0800a170   Data          20  _printf_hex_int.o(.constdata)
    lc_hextab                                0x0800a184   Data          20  _printf_hex_int.o(.constdata)
    .constdata                               0x0800a198   Section       17  __printf_flags_ss_wp.o(.constdata)
    maptable                                 0x0800a198   Data          17  __printf_flags_ss_wp.o(.constdata)
    .conststring                             0x0800a1ac   Section       40  usmart.o(.conststring)
    .conststring                             0x0800a1d4   Section      184  usmart_config.o(.conststring)
    .data                                    0x20000000   Section        4  system_stm32f1xx.o(.data)
    .data                                    0x20000004   Section        4  delay.o(.data)
    g_fac_us                                 0x20000004   Data           4  delay.o(.data)
    .data                                    0x20000008   Section        7  usart.o(.data)
    .data                                    0x20000010   Section        9  stm32f1xx_hal.o(.data)
    .data                                    0x2000001c   Section        8  lcd.o(.data)
    .data                                    0x20000024   Section        1  key.o(.data)
    key_up                                   0x20000024   Data           1  key.o(.data)
    .data                                    0x20000025   Section        1  rs485.o(.data)
    .data                                    0x20000028   Section       28  usmart.o(.data)
    .data                                    0x20000044   Section      284  usmart_config.o(.data)
    .bss                                     0x20000160   Section      264  usart.o(.bss)
    .bss                                     0x20000268   Section       86  lcd.o(.bss)
    .bss                                     0x200002c0   Section      128  rs485.o(.bss)
    .bss                                     0x20000340   Section       72  usmart_port.o(.bss)
    .bss                                     0x20000388   Section       96  libspace.o(.bss)
    HEAP                                     0x200003e8   Section      512  startup_stm32f103xe.o(HEAP)
    Heap_Mem                                 0x200003e8   Data         512  startup_stm32f103xe.o(HEAP)
    STACK                                    0x200005e8   Section     1024  startup_stm32f103xe.o(STACK)
    Stack_Mem                                0x200005e8   Data        1024  startup_stm32f103xe.o(STACK)
    __initial_sp                             0x200009e8   Data           0  startup_stm32f103xe.o(STACK)

    Global Symbols

    Symbol Name                              Value     Ov Type        Size  Object(Section)

    BuildAttributes$$THM_ISAv4$P$D$K$B$S$PE$A:L22UL41UL21$X:L11$S22US41US21$IEEE1$IW$USESV6$~STKCKD$USESV7$~SHL$OSPACE$ROPI$EBA8$UX$STANDARDLIB$REQ8$PRES8$EABIv2 0x00000000   Number         0  anon$$obj.o ABSOLUTE
    __ARM_use_no_argv                        0x00000000   Number         0  main.o ABSOLUTE
    _printf_flags                            0x00000000   Number         0  printf_stubs.o ABSOLUTE
    _printf_return_value                     0x00000000   Number         0  printf_stubs.o ABSOLUTE
    _printf_sizespec                         0x00000000   Number         0  printf_stubs.o ABSOLUTE
    _printf_widthprec                        0x00000000   Number         0  printf_stubs.o ABSOLUTE
    __ARM_exceptions_init                     - Undefined Weak Reference
    __alloca_initialize                       - Undefined Weak Reference
    __arm_fini_                               - Undefined Weak Reference
    __arm_preinit_                            - Undefined Weak Reference
    __cpp_initialize__aeabi_                  - Undefined Weak Reference
    __cxa_finalize                            - Undefined Weak Reference
    __rt_locale                               - Undefined Weak Reference
    __sigvec_lookup                           - Undefined Weak Reference
    _atexit_init                              - Undefined Weak Reference
    _call_atexit_fns                          - Undefined Weak Reference
    _clock_init                               - Undefined Weak Reference
    _fp_trap_init                             - Undefined Weak Reference
    _fp_trap_shutdown                         - Undefined Weak Reference
    _get_lc_collate                           - Undefined Weak Reference
    _get_lc_ctype                             - Undefined Weak Reference
    _get_lc_monetary                          - Undefined Weak Reference
    _get_lc_numeric                           - Undefined Weak Reference
    _get_lc_time                              - Undefined Weak Reference
    _getenv_init                              - Undefined Weak Reference
    _handle_redirection                       - Undefined Weak Reference
    _init_alloc                               - Undefined Weak Reference
    _init_user_alloc                          - Undefined Weak Reference
    _initio                                   - Undefined Weak Reference
    _mutex_acquire                            - Undefined Weak Reference
    _mutex_release                            - Undefined Weak Reference
    _printf_mbtowc                            - Undefined Weak Reference
    _printf_truncate_signed                   - Undefined Weak Reference
    _printf_truncate_unsigned                 - Undefined Weak Reference
    _rand_init                                - Undefined Weak Reference
    _signal_finish                            - Undefined Weak Reference
    _signal_init                              - Undefined Weak Reference
    _terminate_alloc                          - Undefined Weak Reference
    _terminate_user_alloc                     - Undefined Weak Reference
    _terminateio                              - Undefined Weak Reference
    __Vectors_Size                           0x00000130   Number         0  startup_stm32f103xe.o ABSOLUTE
    __Vectors                                0x08000000   Data           4  startup_stm32f103xe.o(RESET)
    __Vectors_End                            0x08000130   Data           0  startup_stm32f103xe.o(RESET)
    __main                                   0x08000131   Thumb Code     8  __main.o(!!!main)
    __scatterload                            0x08000139   Thumb Code     0  __scatter.o(!!!scatter)
    __scatterload_rt2                        0x08000139   Thumb Code    44  __scatter.o(!!!scatter)
    __scatterload_rt2_thumb_only             0x08000139   Thumb Code     0  __scatter.o(!!!scatter)
    __scatterload_null                       0x08000147   Thumb Code     0  __scatter.o(!!!scatter)
    __decompress                             0x0800016d   Thumb Code    90  __dczerorl2.o(!!dczerorl2)
    __decompress1                            0x0800016d   Thumb Code     0  __dczerorl2.o(!!dczerorl2)
    __scatterload_zeroinit                   0x080001c9   Thumb Code    28  __scatter_zi.o(!!handler_zi)
    _printf_d                                0x080001e5   Thumb Code     0  _printf_d.o(.ARM.Collect$$_printf_percent$$00000009)
    _printf_percent                          0x080001e5   Thumb Code     0  _printf_percent.o(.ARM.Collect$$_printf_percent$$00000000)
    _printf_u                                0x080001eb   Thumb Code     0  _printf_u.o(.ARM.Collect$$_printf_percent$$0000000A)
    _printf_x                                0x080001f1   Thumb Code     0  _printf_x.o(.ARM.Collect$$_printf_percent$$0000000C)
    _printf_c                                0x080001f7   Thumb Code     0  _printf_c.o(.ARM.Collect$$_printf_percent$$00000013)
    _printf_s                                0x080001fd   Thumb Code     0  _printf_s.o(.ARM.Collect$$_printf_percent$$00000014)
    _printf_percent_end                      0x08000203   Thumb Code     0  _printf_percent_end.o(.ARM.Collect$$_printf_percent$$00000017)
    __rt_lib_init                            0x08000207   Thumb Code     0  libinit.o(.ARM.Collect$$libinit$$00000000)
    __rt_lib_init_alloca_1                   0x08000209   Thumb Code     0  libinit2.o(.ARM.Collect$$libinit$$0000002E)
    __rt_lib_init_argv_1                     0x08000209   Thumb Code     0  libinit2.o(.ARM.Collect$$libinit$$0000002C)
    __rt_lib_init_atexit_1                   0x08000209   Thumb Code     0  libinit2.o(.ARM.Collect$$libinit$$0000001B)
    __rt_lib_init_clock_1                    0x08000209   Thumb Code     0  libinit2.o(.ARM.Collect$$libinit$$00000021)
    __rt_lib_init_cpp_1                      0x08000209   Thumb Code     0  libinit2.o(.ARM.Collect$$libinit$$00000032)
    __rt_lib_init_exceptions_1               0x08000209   Thumb Code     0  libinit2.o(.ARM.Collect$$libinit$$00000030)
    __rt_lib_init_fp_1                       0x08000209   Thumb Code     0  libinit2.o(.ARM.Collect$$libinit$$00000002)
    __rt_lib_init_fp_trap_1                  0x08000209   Thumb Code     0  libinit2.o(.ARM.Collect$$libinit$$0000001F)
    __rt_lib_init_getenv_1                   0x08000209   Thumb Code     0  libinit2.o(.ARM.Collect$$libinit$$00000023)
    __rt_lib_init_heap_1                     0x08000209   Thumb Code     0  libinit2.o(.ARM.Collect$$libinit$$0000000A)
    __rt_lib_init_lc_collate_1               0x08000209   Thumb Code     0  libinit2.o(.ARM.Collect$$libinit$$00000011)
    __rt_lib_init_lc_ctype_1                 0x08000209   Thumb Code     0  libinit2.o(.ARM.Collect$$libinit$$00000013)
    __rt_lib_init_lc_monetary_1              0x08000209   Thumb Code     0  libinit2.o(.ARM.Collect$$libinit$$00000015)
    __rt_lib_init_lc_numeric_1               0x08000209   Thumb Code     0  libinit2.o(.ARM.Collect$$libinit$$00000017)
    __rt_lib_init_lc_time_1                  0x08000209   Thumb Code     0  libinit2.o(.ARM.Collect$$libinit$$00000019)
    __rt_lib_init_preinit_1                  0x08000209   Thumb Code     0  libinit2.o(.ARM.Collect$$libinit$$00000004)
    __rt_lib_init_rand_1                     0x08000209   Thumb Code     0  libinit2.o(.ARM.Collect$$libinit$$0000000E)
    __rt_lib_init_return                     0x08000209   Thumb Code     0  libinit2.o(.ARM.Collect$$libinit$$00000033)
    __rt_lib_init_signal_1                   0x08000209   Thumb Code     0  libinit2.o(.ARM.Collect$$libinit$$0000001D)
    __rt_lib_init_stdio_1                    0x08000209   Thumb Code     0  libinit2.o(.ARM.Collect$$libinit$$00000025)
    __rt_lib_init_user_alloc_1               0x08000209   Thumb Code     0  libinit2.o(.ARM.Collect$$libinit$$0000000C)
    __rt_lib_shutdown                        0x0800020b   Thumb Code     0  libshutdown.o(.ARM.Collect$$libshutdown$$00000000)
    __rt_lib_shutdown_cpp_1                  0x0800020d   Thumb Code     0  libshutdown2.o(.ARM.Collect$$libshutdown$$00000004)
    __rt_lib_shutdown_fini_1                 0x0800020d   Thumb Code     0  libshutdown2.o(.ARM.Collect$$libshutdown$$00000002)
    __rt_lib_shutdown_fp_trap_1              0x0800020d   Thumb Code     0  libshutdown2.o(.ARM.Collect$$libshutdown$$00000009)
    __rt_lib_shutdown_heap_1                 0x0800020d   Thumb Code     0  libshutdown2.o(.ARM.Collect$$libshutdown$$00000011)
    __rt_lib_shutdown_return                 0x0800020d   Thumb Code     0  libshutdown2.o(.ARM.Collect$$libshutdown$$00000012)
    __rt_lib_shutdown_signal_1               0x0800020d   Thumb Code     0  libshutdown2.o(.ARM.Collect$$libshutdown$$0000000C)
    __rt_lib_shutdown_stdio_1                0x0800020d   Thumb Code     0  libshutdown2.o(.ARM.Collect$$libshutdown$$00000006)
    __rt_lib_shutdown_user_alloc_1           0x0800020d   Thumb Code     0  libshutdown2.o(.ARM.Collect$$libshutdown$$0000000E)
    __rt_entry                               0x0800020f   Thumb Code     0  __rtentry.o(.ARM.Collect$$rtentry$$00000000)
    __rt_entry_presh_1                       0x0800020f   Thumb Code     0  __rtentry2.o(.ARM.Collect$$rtentry$$00000002)
    __rt_entry_sh                            0x0800020f   Thumb Code     0  __rtentry4.o(.ARM.Collect$$rtentry$$00000004)
    __rt_entry_li                            0x08000215   Thumb Code     0  __rtentry2.o(.ARM.Collect$$rtentry$$0000000A)
    __rt_entry_postsh_1                      0x08000215   Thumb Code     0  __rtentry2.o(.ARM.Collect$$rtentry$$00000009)
    __rt_entry_main                          0x08000219   Thumb Code     0  __rtentry2.o(.ARM.Collect$$rtentry$$0000000D)
    __rt_entry_postli_1                      0x08000219   Thumb Code     0  __rtentry2.o(.ARM.Collect$$rtentry$$0000000C)
    __rt_exit                                0x08000221   Thumb Code     0  rtexit.o(.ARM.Collect$$rtexit$$00000000)
    __rt_exit_ls                             0x08000223   Thumb Code     0  rtexit2.o(.ARM.Collect$$rtexit$$00000003)
    __rt_exit_prels_1                        0x08000223   Thumb Code     0  rtexit2.o(.ARM.Collect$$rtexit$$00000002)
    __rt_exit_exit                           0x08000227   Thumb Code     0  rtexit2.o(.ARM.Collect$$rtexit$$00000004)
    Reset_Handler                            0x0800022d   Thumb Code     8  startup_stm32f103xe.o(.text)
    ADC1_2_IRQHandler                        0x08000247   Thumb Code     0  startup_stm32f103xe.o(.text)
    ADC3_IRQHandler                          0x08000247   Thumb Code     0  startup_stm32f103xe.o(.text)
    CAN1_RX1_IRQHandler                      0x08000247   Thumb Code     0  startup_stm32f103xe.o(.text)
    CAN1_SCE_IRQHandler                      0x08000247   Thumb Code     0  startup_stm32f103xe.o(.text)
    DMA1_Channel1_IRQHandler                 0x08000247   Thumb Code     0  startup_stm32f103xe.o(.text)
    DMA1_Channel2_IRQHandler                 0x08000247   Thumb Code     0  startup_stm32f103xe.o(.text)
    DMA1_Channel3_IRQHandler                 0x08000247   Thumb Code     0  startup_stm32f103xe.o(.text)
    DMA1_Channel4_IRQHandler                 0x08000247   Thumb Code     0  startup_stm32f103xe.o(.text)
    DMA1_Channel5_IRQHandler                 0x08000247   Thumb Code     0  startup_stm32f103xe.o(.text)
    DMA1_Channel6_IRQHandler                 0x08000247   Thumb Code     0  startup_stm32f103xe.o(.text)
    DMA1_Channel7_IRQHandler                 0x08000247   Thumb Code     0  startup_stm32f103xe.o(.text)
    DMA2_Channel1_IRQHandler                 0x08000247   Thumb Code     0  startup_stm32f103xe.o(.text)
    DMA2_Channel2_IRQHandler                 0x08000247   Thumb Code     0  startup_stm32f103xe.o(.text)
    DMA2_Channel3_IRQHandler                 0x08000247   Thumb Code     0  startup_stm32f103xe.o(.text)
    DMA2_Channel4_5_IRQHandler               0x08000247   Thumb Code     0  startup_stm32f103xe.o(.text)
    EXTI0_IRQHandler                         0x08000247   Thumb Code     0  startup_stm32f103xe.o(.text)
    EXTI15_10_IRQHandler                     0x08000247   Thumb Code     0  startup_stm32f103xe.o(.text)
    EXTI1_IRQHandler                         0x08000247   Thumb Code     0  startup_stm32f103xe.o(.text)
    EXTI2_IRQHandler                         0x08000247   Thumb Code     0  startup_stm32f103xe.o(.text)
    EXTI3_IRQHandler                         0x08000247   Thumb Code     0  startup_stm32f103xe.o(.text)
    EXTI4_IRQHandler                         0x08000247   Thumb Code     0  startup_stm32f103xe.o(.text)
    EXTI9_5_IRQHandler                       0x08000247   Thumb Code     0  startup_stm32f103xe.o(.text)
    FLASH_IRQHandler                         0x08000247   Thumb Code     0  startup_stm32f103xe.o(.text)
    FSMC_IRQHandler                          0x08000247   Thumb Code     0  startup_stm32f103xe.o(.text)
    I2C1_ER_IRQHandler                       0x08000247   Thumb Code     0  startup_stm32f103xe.o(.text)
    I2C1_EV_IRQHandler                       0x08000247   Thumb Code     0  startup_stm32f103xe.o(.text)
    I2C2_ER_IRQHandler                       0x08000247   Thumb Code     0  startup_stm32f103xe.o(.text)
    I2C2_EV_IRQHandler                       0x08000247   Thumb Code     0  startup_stm32f103xe.o(.text)
    PVD_IRQHandler                           0x08000247   Thumb Code     0  startup_stm32f103xe.o(.text)
    RCC_IRQHandler                           0x08000247   Thumb Code     0  startup_stm32f103xe.o(.text)
    RTC_Alarm_IRQHandler                     0x08000247   Thumb Code     0  startup_stm32f103xe.o(.text)
    RTC_IRQHandler                           0x08000247   Thumb Code     0  startup_stm32f103xe.o(.text)
    SDIO_IRQHandler                          0x08000247   Thumb Code     0  startup_stm32f103xe.o(.text)
    SPI1_IRQHandler                          0x08000247   Thumb Code     0  startup_stm32f103xe.o(.text)
    SPI2_IRQHandler                          0x08000247   Thumb Code     0  startup_stm32f103xe.o(.text)
    SPI3_IRQHandler                          0x08000247   Thumb Code     0  startup_stm32f103xe.o(.text)
    TAMPER_IRQHandler                        0x08000247   Thumb Code     0  startup_stm32f103xe.o(.text)
    TIM1_BRK_IRQHandler                      0x08000247   Thumb Code     0  startup_stm32f103xe.o(.text)
    TIM1_CC_IRQHandler                       0x08000247   Thumb Code     0  startup_stm32f103xe.o(.text)
    TIM1_TRG_COM_IRQHandler                  0x08000247   Thumb Code     0  startup_stm32f103xe.o(.text)
    TIM1_UP_IRQHandler                       0x08000247   Thumb Code     0  startup_stm32f103xe.o(.text)
    TIM2_IRQHandler                          0x08000247   Thumb Code     0  startup_stm32f103xe.o(.text)
    TIM3_IRQHandler                          0x08000247   Thumb Code     0  startup_stm32f103xe.o(.text)
    TIM5_IRQHandler                          0x08000247   Thumb Code     0  startup_stm32f103xe.o(.text)
    TIM6_IRQHandler                          0x08000247   Thumb Code     0  startup_stm32f103xe.o(.text)
    TIM7_IRQHandler                          0x08000247   Thumb Code     0  startup_stm32f103xe.o(.text)
    TIM8_BRK_IRQHandler                      0x08000247   Thumb Code     0  startup_stm32f103xe.o(.text)
    TIM8_CC_IRQHandler                       0x08000247   Thumb Code     0  startup_stm32f103xe.o(.text)
    TIM8_TRG_COM_IRQHandler                  0x08000247   Thumb Code     0  startup_stm32f103xe.o(.text)
    TIM8_UP_IRQHandler                       0x08000247   Thumb Code     0  startup_stm32f103xe.o(.text)
    UART4_IRQHandler                         0x08000247   Thumb Code     0  startup_stm32f103xe.o(.text)
    UART5_IRQHandler                         0x08000247   Thumb Code     0  startup_stm32f103xe.o(.text)
    USART3_IRQHandler                        0x08000247   Thumb Code     0  startup_stm32f103xe.o(.text)
    USBWakeUp_IRQHandler                     0x08000247   Thumb Code     0  startup_stm32f103xe.o(.text)
    USB_HP_CAN1_TX_IRQHandler                0x08000247   Thumb Code     0  startup_stm32f103xe.o(.text)
    USB_LP_CAN1_RX0_IRQHandler               0x08000247   Thumb Code     0  startup_stm32f103xe.o(.text)
    WWDG_IRQHandler                          0x08000247   Thumb Code     0  startup_stm32f103xe.o(.text)
    __user_initial_stackheap                 0x08000249   Thumb Code     0  startup_stm32f103xe.o(.text)
    __use_no_semihosting                     0x0800026d   Thumb Code     2  use_no_semi_2.o(.text)
    __2printf                                0x08000271   Thumb Code    20  noretval__2printf.o(.text)
    _printf_pre_padding                      0x08000289   Thumb Code    44  _printf_pad.o(.text)
    _printf_post_padding                     0x080002b5   Thumb Code    34  _printf_pad.o(.text)
    _printf_str                              0x080002d7   Thumb Code    82  _printf_str.o(.text)
    _printf_int_dec                          0x08000329   Thumb Code   104  _printf_dec.o(.text)
    _printf_int_hex                          0x080003a1   Thumb Code    84  _printf_hex_int.o(.text)
    _printf_longlong_hex                     0x080003a1   Thumb Code     0  _printf_hex_int.o(.text)
    __printf                                 0x080003f9   Thumb Code   388  __printf_flags_ss_wp.o(.text)
    __aeabi_memclr4                          0x08000581   Thumb Code     0  rt_memclr_w.o(.text)
    __aeabi_memclr8                          0x08000581   Thumb Code     0  rt_memclr_w.o(.text)
    __rt_memclr_w                            0x08000581   Thumb Code    78  rt_memclr_w.o(.text)
    _memset_w                                0x08000585   Thumb Code     0  rt_memclr_w.o(.text)
    __use_two_region_memory                  0x080005cf   Thumb Code     2  heapauxi.o(.text)
    __rt_heap_escrow$2region                 0x080005d1   Thumb Code     2  heapauxi.o(.text)
    __rt_heap_expand$2region                 0x080005d3   Thumb Code     2  heapauxi.o(.text)
    __semihosting$guard                      0x080005d5   Thumb Code     0  use_no_semi.o(.text)
    __use_no_semihosting_swi                 0x080005d5   Thumb Code     2  use_no_semi.o(.text)
    _printf_int_common                       0x080005d7   Thumb Code   178  _printf_intcommon.o(.text)
    _printf_cs_common                        0x08000689   Thumb Code    20  _printf_char.o(.text)
    _printf_char                             0x0800069d   Thumb Code    16  _printf_char.o(.text)
    _printf_string                           0x080006ad   Thumb Code     8  _printf_char.o(.text)
    _printf_char_file                        0x080006b5   Thumb Code    32  _printf_char_file.o(.text)
    _printf_char_common                      0x080006e3   Thumb Code    32  _printf_char_common.o(.text)
    ferror                                   0x08000709   Thumb Code     8  ferror.o(.text)
    __user_setup_stackheap                   0x08000711   Thumb Code    74  sys_stackheap_outer.o(.text)
    exit                                     0x0800075b   Thumb Code    18  exit.o(.text)
    __user_libspace                          0x0800076d   Thumb Code     8  libspace.o(.text)
    __user_perproc_libspace                  0x0800076d   Thumb Code     0  libspace.o(.text)
    __user_perthread_libspace                0x0800076d   Thumb Code     0  libspace.o(.text)
    BusFault_Handler                         0x08000775   Thumb Code     4  stm32f1xx_it.o(i.BusFault_Handler)
    DebugMon_Handler                         0x08000779   Thumb Code     2  stm32f1xx_it.o(i.DebugMon_Handler)
    FSMC_NORSRAM_Extended_Timing_Init        0x0800077d   Thumb Code    62  stm32f1xx_ll_fsmc.o(i.FSMC_NORSRAM_Extended_Timing_Init)
    FSMC_NORSRAM_Init                        0x080007c1   Thumb Code   116  stm32f1xx_ll_fsmc.o(i.FSMC_NORSRAM_Init)
    FSMC_NORSRAM_Timing_Init                 0x08000839   Thumb Code    66  stm32f1xx_ll_fsmc.o(i.FSMC_NORSRAM_Timing_Init)
    HAL_DMA_Abort_IT                         0x0800087d   Thumb Code   414  stm32f1xx_hal_dma.o(i.HAL_DMA_Abort_IT)
    HAL_GPIO_Init                            0x08000a25   Thumb Code   792  stm32f1xx_hal_gpio.o(i.HAL_GPIO_Init)
    HAL_GPIO_ReadPin                         0x08000d65   Thumb Code    16  stm32f1xx_hal_gpio.o(i.HAL_GPIO_ReadPin)
    HAL_GPIO_TogglePin                       0x08000d75   Thumb Code    20  stm32f1xx_hal_gpio.o(i.HAL_GPIO_TogglePin)
    HAL_GPIO_WritePin                        0x08000d89   Thumb Code    12  stm32f1xx_hal_gpio.o(i.HAL_GPIO_WritePin)
    HAL_GetTick                              0x08000d95   Thumb Code     6  stm32f1xx_hal.o(i.HAL_GetTick)
    HAL_IncTick                              0x08000da1   Thumb Code    16  stm32f1xx_hal.o(i.HAL_IncTick)
    HAL_Init                                 0x08000db9   Thumb Code    34  stm32f1xx_hal.o(i.HAL_Init)
    HAL_InitTick                             0x08000de1   Thumb Code    64  stm32f1xx_hal.o(i.HAL_InitTick)
    HAL_MspInit                              0x08000e2d   Thumb Code     2  stm32f1xx_hal.o(i.HAL_MspInit)
    HAL_NVIC_EnableIRQ                       0x08000e2f   Thumb Code    32  stm32f1xx_hal_cortex.o(i.HAL_NVIC_EnableIRQ)
    HAL_NVIC_SetPriority                     0x08000e4f   Thumb Code   124  stm32f1xx_hal_cortex.o(i.HAL_NVIC_SetPriority)
    HAL_NVIC_SetPriorityGrouping             0x08000ecd   Thumb Code    32  stm32f1xx_hal_cortex.o(i.HAL_NVIC_SetPriorityGrouping)
    HAL_RCC_ClockConfig                      0x08000ef5   Thumb Code   376  stm32f1xx_hal_rcc.o(i.HAL_RCC_ClockConfig)
    HAL_RCC_GetHCLKFreq                      0x08001081   Thumb Code     6  stm32f1xx_hal_rcc.o(i.HAL_RCC_GetHCLKFreq)
    HAL_RCC_GetPCLK1Freq                     0x0800108d   Thumb Code    22  stm32f1xx_hal_rcc.o(i.HAL_RCC_GetPCLK1Freq)
    HAL_RCC_GetPCLK2Freq                     0x080010ad   Thumb Code    22  stm32f1xx_hal_rcc.o(i.HAL_RCC_GetPCLK2Freq)
    HAL_RCC_GetSysClockFreq                  0x080010cd   Thumb Code   116  stm32f1xx_hal_rcc.o(i.HAL_RCC_GetSysClockFreq)
    HAL_RCC_OscConfig                        0x08001161   Thumb Code  1114  stm32f1xx_hal_rcc.o(i.HAL_RCC_OscConfig)
    HAL_SRAM_Init                            0x080015c5   Thumb Code   102  stm32f1xx_hal_sram.o(i.HAL_SRAM_Init)
    HAL_SRAM_MspInit                         0x0800162d   Thumb Code   130  lcd.o(i.HAL_SRAM_MspInit)
    HAL_SYSTICK_Config                       0x080016bd   Thumb Code    52  stm32f1xx_hal_cortex.o(i.HAL_SYSTICK_Config)
    HAL_TIM_Base_Init                        0x080016f1   Thumb Code   102  stm32f1xx_hal_tim.o(i.HAL_TIM_Base_Init)
    HAL_TIM_Base_MspInit                     0x08001757   Thumb Code     2  stm32f1xx_hal_tim.o(i.HAL_TIM_Base_MspInit)
    HAL_TIM_Base_Start_IT                    0x08001759   Thumb Code   122  stm32f1xx_hal_tim.o(i.HAL_TIM_Base_Start_IT)
    HAL_UART_ErrorCallback                   0x080017e9   Thumb Code     2  stm32f1xx_hal_uart.o(i.HAL_UART_ErrorCallback)
    HAL_UART_IRQHandler                      0x080017ed   Thumb Code   334  stm32f1xx_hal_uart.o(i.HAL_UART_IRQHandler)
    HAL_UART_Init                            0x08001941   Thumb Code   114  stm32f1xx_hal_uart.o(i.HAL_UART_Init)
    HAL_UART_MspInit                         0x080019b5   Thumb Code   168  usart.o(i.HAL_UART_MspInit)
    HAL_UART_Receive                         0x08001a69   Thumb Code   216  stm32f1xx_hal_uart.o(i.HAL_UART_Receive)
    HAL_UART_Receive_IT                      0x08001b41   Thumb Code   112  stm32f1xx_hal_uart.o(i.HAL_UART_Receive_IT)
    HAL_UART_RxCpltCallback                  0x08001bb1   Thumb Code   134  usart.o(i.HAL_UART_RxCpltCallback)
    HAL_UART_Transmit                        0x08001c4d   Thumb Code   210  stm32f1xx_hal_uart.o(i.HAL_UART_Transmit)
    HAL_UART_TxCpltCallback                  0x08001d1f   Thumb Code     2  stm32f1xx_hal_uart.o(i.HAL_UART_TxCpltCallback)
    HardFault_Handler                        0x08001d21   Thumb Code     4  stm32f1xx_it.o(i.HardFault_Handler)
    MemManage_Handler                        0x08001d25   Thumb Code     4  stm32f1xx_it.o(i.MemManage_Handler)
    NMI_Handler                              0x08001d29   Thumb Code     2  stm32f1xx_it.o(i.NMI_Handler)
    PendSV_Handler                           0x08001d2b   Thumb Code     2  stm32f1xx_it.o(i.PendSV_Handler)
    SVC_Handler                              0x08001d55   Thumb Code     2  stm32f1xx_it.o(i.SVC_Handler)
    SysTick_Handler                          0x08001d57   Thumb Code     8  stm32f1xx_it.o(i.SysTick_Handler)
    SystemInit                               0x08001d5f   Thumb Code     2  system_stm32f1xx.o(i.SystemInit)
    TIM4_IRQHandler                          0x08001d61   Thumb Code    58  usmart_port.o(i.TIM4_IRQHandler)
    TIM_Base_SetConfig                       0x08001da5   Thumb Code   134  stm32f1xx_hal_tim.o(i.TIM_Base_SetConfig)
    USART1_IRQHandler                        0x080020fd   Thumb Code    10  usart.o(i.USART1_IRQHandler)
    USART2_IRQHandler                        0x0800210d   Thumb Code    60  rs485.o(i.USART2_IRQHandler)
    UsageFault_Handler                       0x08002155   Thumb Code     4  stm32f1xx_it.o(i.UsageFault_Handler)
    _is_digit                                0x08002191   Thumb Code    14  __printf_wp.o(i._is_digit)
    _sys_exit                                0x0800219f   Thumb Code     4  usart.o(i._sys_exit)
    delay_init                               0x080021a5   Thumb Code     6  delay.o(i.delay_init)
    delay_ms                                 0x080021b1   Thumb Code    18  delay.o(i.delay_ms)
    delay_us                                 0x080021c5   Thumb Code    68  delay.o(i.delay_us)
    fputc                                    0x0800220d   Thumb Code    24  usart.o(i.fputc)
    key_init                                 0x08002229   Thumb Code   172  key.o(i.key_init)
    key_scan                                 0x080022e1   Thumb Code   148  key.o(i.key_scan)
    lcd_clear                                0x08002381   Thumb Code    42  lcd.o(i.lcd_clear)
    lcd_display_dir                          0x080023b5   Thumb Code   360  lcd.o(i.lcd_display_dir)
    lcd_draw_point                           0x08002521   Thumb Code    26  lcd.o(i.lcd_draw_point)
    lcd_ex_ili9341_reginit                   0x08002541   Thumb Code   556  lcd.o(i.lcd_ex_ili9341_reginit)
    lcd_ex_ili9806_reginit                   0x0800276d   Thumb Code   832  lcd.o(i.lcd_ex_ili9806_reginit)
    lcd_ex_nt35310_reginit                   0x08002aad   Thumb Code  3826  lcd.o(i.lcd_ex_nt35310_reginit)
    lcd_ex_nt35510_reginit                   0x0800399f   Thumb Code  3836  lcd.o(i.lcd_ex_nt35510_reginit)
    lcd_ex_ssd1963_reginit                   0x0800489b   Thumb Code   366  lcd.o(i.lcd_ex_ssd1963_reginit)
    lcd_ex_st7789_reginit                    0x08004a09   Thumb Code   424  lcd.o(i.lcd_ex_st7789_reginit)
    lcd_ex_st7796_reginit                    0x08004bb1   Thumb Code   454  lcd.o(i.lcd_ex_st7796_reginit)
    lcd_init                                 0x08004d79   Thumb Code  1120  lcd.o(i.lcd_init)
    lcd_scan_dir                             0x0800521d   Thumb Code   568  lcd.o(i.lcd_scan_dir)
    lcd_set_cursor                           0x08005459   Thumb Code   282  lcd.o(i.lcd_set_cursor)
    lcd_show_char                            0x08005579   Thumb Code   294  lcd.o(i.lcd_show_char)
    lcd_show_string                          0x080056b9   Thumb Code   106  lcd.o(i.lcd_show_string)
    lcd_show_xnum                            0x08005723   Thumb Code   198  lcd.o(i.lcd_show_xnum)
    lcd_ssd_backlight_set                    0x080057e9   Thumb Code    80  lcd.o(i.lcd_ssd_backlight_set)
    lcd_wr_data                              0x0800583d   Thumb Code    18  lcd.o(i.lcd_wr_data)
    lcd_wr_regno                             0x08005855   Thumb Code    18  lcd.o(i.lcd_wr_regno)
    lcd_write_ram_prepare                    0x0800586d   Thumb Code    10  lcd.o(i.lcd_write_ram_prepare)
    lcd_write_reg                            0x08005881   Thumb Code    10  lcd.o(i.lcd_write_reg)
    led_init                                 0x08005891   Thumb Code   132  led.o(i.led_init)
    main                                     0x08005921   Thumb Code   448  main.o(i.main)
    read_addr                                0x08005b3d   Thumb Code     6  usmart.o(i.read_addr)
    rs485_init                               0x08005b45   Thumb Code   268  rs485.o(i.rs485_init)
    rs485_receive_data                       0x08005c65   Thumb Code    68  rs485.o(i.rs485_receive_data)
    rs485_send_data                          0x08005cb1   Thumb Code    56  rs485.o(i.rs485_send_data)
    sys_stm32_clock_init                     0x08005cf5   Thumb Code   102  sys.o(i.sys_stm32_clock_init)
    usart_init                               0x08005d5d   Thumb Code    44  usart.o(i.usart_init)
    usmart_cmd_rec                           0x08005d95   Thumb Code   170  usmart.o(i.usmart_cmd_rec)
    usmart_exe                               0x08005e45   Thumb Code   632  usmart.o(i.usmart_exe)
    usmart_get_aparm                         0x08006119   Thumb Code   212  usmart_str.o(i.usmart_get_aparm)
    usmart_get_cmdname                       0x080061ed   Thumb Code    54  usmart_str.o(i.usmart_get_cmdname)
    usmart_get_fname                         0x08006225   Thumb Code   440  usmart_str.o(i.usmart_get_fname)
    usmart_get_fparam                        0x080063e5   Thumb Code   262  usmart_str.o(i.usmart_get_fparam)
    usmart_get_input_string                  0x080064f1   Thumb Code    30  usmart_port.o(i.usmart_get_input_string)
    usmart_get_parmpos                       0x08006519   Thumb Code    26  usmart_str.o(i.usmart_get_parmpos)
    usmart_init                              0x08006539   Thumb Code    36  usmart.o(i.usmart_init)
    usmart_pow                               0x08006561   Thumb Code    22  usmart_str.o(i.usmart_pow)
    usmart_scan                              0x08006579   Thumb Code   106  usmart.o(i.usmart_scan)
    usmart_search_nextc                      0x08006621   Thumb Code    22  usmart_str.o(i.usmart_search_nextc)
    usmart_str2num                           0x08006637   Thumb Code   262  usmart_str.o(i.usmart_str2num)
    usmart_strcmp                            0x0800673d   Thumb Code    34  usmart_str.o(i.usmart_strcmp)
    usmart_strcopy                           0x0800675f   Thumb Code    22  usmart_str.o(i.usmart_strcopy)
    usmart_strlen                            0x08006775   Thumb Code    24  usmart_str.o(i.usmart_strlen)
    usmart_sys_cmd_exe                       0x0800678d   Thumb Code  1570  usmart.o(i.usmart_sys_cmd_exe)
    usmart_timx_get_time                     0x08006e81   Thumb Code    58  usmart_port.o(i.usmart_timx_get_time)
    usmart_timx_init                         0x08006ec5   Thumb Code    84  usmart_port.o(i.usmart_timx_init)
    usmart_timx_reset_time                   0x08006f25   Thumb Code    44  usmart_port.o(i.usmart_timx_reset_time)
    write_addr                               0x08006f59   Thumb Code     4  usmart.o(i.write_addr)
    __aeabi_d2uiz                            0x08006f5d   Thumb Code     0  dfixu.o(x$fpl$dfixu)
    _dfixu                                   0x08006f5d   Thumb Code    90  dfixu.o(x$fpl$dfixu)
    __aeabi_ui2d                             0x08006fb7   Thumb Code     0  dflt_clz.o(x$fpl$dfltu)
    _dfltu                                   0x08006fb7   Thumb Code    38  dflt_clz.o(x$fpl$dfltu)
    __aeabi_dmul                             0x08006fdd   Thumb Code     0  dmul.o(x$fpl$dmul)
    _dmul                                    0x08006fdd   Thumb Code   332  dmul.o(x$fpl$dmul)
    __fpl_dnaninf                            0x08007131   Thumb Code   156  dnaninf.o(x$fpl$dnaninf)
    __fpl_dretinf                            0x080071cd   Thumb Code    12  dretinf.o(x$fpl$dretinf)
    AHBPrescTable                            0x080071d8   Data          16  system_stm32f1xx.o(.constdata)
    __I$use$fp                               0x080071d8   Number         0  usenofp.o(x$fpl$usenofp)
    APBPrescTable                            0x080071e8   Data           8  system_stm32f1xx.o(.constdata)
    asc2_1206                                0x080071f0   Data        1140  lcd.o(.constdata)
    asc2_1608                                0x08007664   Data        1520  lcd.o(.constdata)
    asc2_2412                                0x08007c54   Data        3420  lcd.o(.constdata)
    asc2_3216                                0x080089b0   Data        6080  lcd.o(.constdata)
    Region$$Table$$Base                      0x0800a28c   Number         0  anon$$obj.o(Region$$Table)
    Region$$Table$$Limit                     0x0800a2ac   Number         0  anon$$obj.o(Region$$Table)
    SystemCoreClock                          0x20000000   Data           4  system_stm32f1xx.o(.data)
    __stdout                                 0x20000008   Data           4  usart.o(.data)
    g_usart_rx_sta                           0x2000000c   Data           2  usart.o(.data)
    g_rx_buffer                              0x2000000e   Data           1  usart.o(.data)
    uwTick                                   0x20000010   Data           4  stm32f1xx_hal.o(.data)
    uwTickPrio                               0x20000014   Data           4  stm32f1xx_hal.o(.data)
    uwTickFreq                               0x20000018   Data           1  stm32f1xx_hal.o(.data)
    g_point_color                            0x2000001c   Data           4  lcd.o(.data)
    g_back_color                             0x20000020   Data           4  lcd.o(.data)
    g_RS485_rx_cnt                           0x20000025   Data           1  rs485.o(.data)
    sys_cmd_tab                              0x20000028   Data          28  usmart.o(.data)
    usmart_nametab                           0x20000044   Data          40  usmart_config.o(.data)
    usmart_dev                               0x2000006c   Data         244  usmart_config.o(.data)
    g_usart_rx_buf                           0x20000160   Data         200  usart.o(.bss)
    g_uart1_handle                           0x20000228   Data          64  usart.o(.bss)
    g_sram_handle                            0x20000268   Data          72  lcd.o(.bss)
    lcddev                                   0x200002b0   Data          14  lcd.o(.bss)
    g_rs458_handler                          0x200002c0   Data          64  rs485.o(.bss)
    g_RS485_rx_buf                           0x20000300   Data          64  rs485.o(.bss)
    g_timx_usmart_handle                     0x20000340   Data          72  usmart_port.o(.bss)
    __libspace_start                         0x20000388   Data          96  libspace.o(.bss)
    __temporary_stack_top$libspace           0x200003e8   Data           0  libspace.o(.bss)



==============================================================================

Memory Map of the image

  Image Entry point : 0x08000131

  Load Region LR_IROM1 (Base: 0x08000000, Size: 0x0000a40c, Max: 0x00080000, ABSOLUTE, COMPRESSED[0x0000a30c])

    Execution Region ER_IROM1 (Exec base: 0x08000000, Load base: 0x08000000, Size: 0x0000a2ac, Max: 0x00080000, ABSOLUTE)

    Exec Addr    Load Addr    Size         Type   Attr      Idx    E Section Name        Object

    0x08000000   0x08000000   0x00000130   Data   RO            3    RESET               startup_stm32f103xe.o
    0x08000130   0x08000130   0x00000008   Code   RO         3943  * !!!main             c_w.l(__main.o)
    0x08000138   0x08000138   0x00000034   Code   RO         4129    !!!scatter          c_w.l(__scatter.o)
    0x0800016c   0x0800016c   0x0000005a   Code   RO         4127    !!dczerorl2         c_w.l(__dczerorl2.o)
    0x080001c6   0x080001c6   0x00000002   PAD
    0x080001c8   0x080001c8   0x0000001c   Code   RO         4131    !!handler_zi        c_w.l(__scatter_zi.o)
    0x080001e4   0x080001e4   0x00000000   Code   RO         3938    .ARM.Collect$$_printf_percent$$00000000  c_w.l(_printf_percent.o)
    0x080001e4   0x080001e4   0x00000006   Code   RO         3936    .ARM.Collect$$_printf_percent$$00000009  c_w.l(_printf_d.o)
    0x080001ea   0x080001ea   0x00000006   Code   RO         3937    .ARM.Collect$$_printf_percent$$0000000A  c_w.l(_printf_u.o)
    0x080001f0   0x080001f0   0x00000006   Code   RO         3935    .ARM.Collect$$_printf_percent$$0000000C  c_w.l(_printf_x.o)
    0x080001f6   0x080001f6   0x00000006   Code   RO         3933    .ARM.Collect$$_printf_percent$$00000013  c_w.l(_printf_c.o)
    0x080001fc   0x080001fc   0x00000006   Code   RO         3934    .ARM.Collect$$_printf_percent$$00000014  c_w.l(_printf_s.o)
    0x08000202   0x08000202   0x00000004   Code   RO         3966    .ARM.Collect$$_printf_percent$$00000017  c_w.l(_printf_percent_end.o)
    0x08000206   0x08000206   0x00000002   Code   RO         4004    .ARM.Collect$$libinit$$00000000  c_w.l(libinit.o)
    0x08000208   0x08000208   0x00000000   Code   RO         4011    .ARM.Collect$$libinit$$00000002  c_w.l(libinit2.o)
    0x08000208   0x08000208   0x00000000   Code   RO         4013    .ARM.Collect$$libinit$$00000004  c_w.l(libinit2.o)
    0x08000208   0x08000208   0x00000000   Code   RO         4016    .ARM.Collect$$libinit$$0000000A  c_w.l(libinit2.o)
    0x08000208   0x08000208   0x00000000   Code   RO         4018    .ARM.Collect$$libinit$$0000000C  c_w.l(libinit2.o)
    0x08000208   0x08000208   0x00000000   Code   RO         4020    .ARM.Collect$$libinit$$0000000E  c_w.l(libinit2.o)
    0x08000208   0x08000208   0x00000000   Code   RO         4023    .ARM.Collect$$libinit$$00000011  c_w.l(libinit2.o)
    0x08000208   0x08000208   0x00000000   Code   RO         4025    .ARM.Collect$$libinit$$00000013  c_w.l(libinit2.o)
    0x08000208   0x08000208   0x00000000   Code   RO         4027    .ARM.Collect$$libinit$$00000015  c_w.l(libinit2.o)
    0x08000208   0x08000208   0x00000000   Code   RO         4029    .ARM.Collect$$libinit$$00000017  c_w.l(libinit2.o)
    0x08000208   0x08000208   0x00000000   Code   RO         4031    .ARM.Collect$$libinit$$00000019  c_w.l(libinit2.o)
    0x08000208   0x08000208   0x00000000   Code   RO         4033    .ARM.Collect$$libinit$$0000001B  c_w.l(libinit2.o)
    0x08000208   0x08000208   0x00000000   Code   RO         4035    .ARM.Collect$$libinit$$0000001D  c_w.l(libinit2.o)
    0x08000208   0x08000208   0x00000000   Code   RO         4037    .ARM.Collect$$libinit$$0000001F  c_w.l(libinit2.o)
    0x08000208   0x08000208   0x00000000   Code   RO         4039    .ARM.Collect$$libinit$$00000021  c_w.l(libinit2.o)
    0x08000208   0x08000208   0x00000000   Code   RO         4041    .ARM.Collect$$libinit$$00000023  c_w.l(libinit2.o)
    0x08000208   0x08000208   0x00000000   Code   RO         4043    .ARM.Collect$$libinit$$00000025  c_w.l(libinit2.o)
    0x08000208   0x08000208   0x00000000   Code   RO         4047    .ARM.Collect$$libinit$$0000002C  c_w.l(libinit2.o)
    0x08000208   0x08000208   0x00000000   Code   RO         4049    .ARM.Collect$$libinit$$0000002E  c_w.l(libinit2.o)
    0x08000208   0x08000208   0x00000000   Code   RO         4051    .ARM.Collect$$libinit$$00000030  c_w.l(libinit2.o)
    0x08000208   0x08000208   0x00000000   Code   RO         4053    .ARM.Collect$$libinit$$00000032  c_w.l(libinit2.o)
    0x08000208   0x08000208   0x00000002   Code   RO         4054    .ARM.Collect$$libinit$$00000033  c_w.l(libinit2.o)
    0x0800020a   0x0800020a   0x00000002   Code   RO         4072    .ARM.Collect$$libshutdown$$00000000  c_w.l(libshutdown.o)
    0x0800020c   0x0800020c   0x00000000   Code   RO         4080    .ARM.Collect$$libshutdown$$00000002  c_w.l(libshutdown2.o)
    0x0800020c   0x0800020c   0x00000000   Code   RO         4082    .ARM.Collect$$libshutdown$$00000004  c_w.l(libshutdown2.o)
    0x0800020c   0x0800020c   0x00000000   Code   RO         4084    .ARM.Collect$$libshutdown$$00000006  c_w.l(libshutdown2.o)
    0x0800020c   0x0800020c   0x00000000   Code   RO         4087    .ARM.Collect$$libshutdown$$00000009  c_w.l(libshutdown2.o)
    0x0800020c   0x0800020c   0x00000000   Code   RO         4090    .ARM.Collect$$libshutdown$$0000000C  c_w.l(libshutdown2.o)
    0x0800020c   0x0800020c   0x00000000   Code   RO         4092    .ARM.Collect$$libshutdown$$0000000E  c_w.l(libshutdown2.o)
    0x0800020c   0x0800020c   0x00000000   Code   RO         4095    .ARM.Collect$$libshutdown$$00000011  c_w.l(libshutdown2.o)
    0x0800020c   0x0800020c   0x00000002   Code   RO         4096    .ARM.Collect$$libshutdown$$00000012  c_w.l(libshutdown2.o)
    0x0800020e   0x0800020e   0x00000000   Code   RO         3959    .ARM.Collect$$rtentry$$00000000  c_w.l(__rtentry.o)
    0x0800020e   0x0800020e   0x00000000   Code   RO         3973    .ARM.Collect$$rtentry$$00000002  c_w.l(__rtentry2.o)
    0x0800020e   0x0800020e   0x00000006   Code   RO         3985    .ARM.Collect$$rtentry$$00000004  c_w.l(__rtentry4.o)
    0x08000214   0x08000214   0x00000000   Code   RO         3975    .ARM.Collect$$rtentry$$00000009  c_w.l(__rtentry2.o)
    0x08000214   0x08000214   0x00000004   Code   RO         3976    .ARM.Collect$$rtentry$$0000000A  c_w.l(__rtentry2.o)
    0x08000218   0x08000218   0x00000000   Code   RO         3978    .ARM.Collect$$rtentry$$0000000C  c_w.l(__rtentry2.o)
    0x08000218   0x08000218   0x00000008   Code   RO         3979    .ARM.Collect$$rtentry$$0000000D  c_w.l(__rtentry2.o)
    0x08000220   0x08000220   0x00000002   Code   RO         4008    .ARM.Collect$$rtexit$$00000000  c_w.l(rtexit.o)
    0x08000222   0x08000222   0x00000000   Code   RO         4056    .ARM.Collect$$rtexit$$00000002  c_w.l(rtexit2.o)
    0x08000222   0x08000222   0x00000004   Code   RO         4057    .ARM.Collect$$rtexit$$00000003  c_w.l(rtexit2.o)
    0x08000226   0x08000226   0x00000006   Code   RO         4058    .ARM.Collect$$rtexit$$00000004  c_w.l(rtexit2.o)
    0x0800022c   0x0800022c   0x00000040   Code   RO            4    .text               startup_stm32f103xe.o
    0x0800026c   0x0800026c   0x00000002   Code   RO         3878    .text               c_w.l(use_no_semi_2.o)
    0x0800026e   0x0800026e   0x00000002   PAD
    0x08000270   0x08000270   0x00000018   Code   RO         3882    .text               c_w.l(noretval__2printf.o)
    0x08000288   0x08000288   0x0000004e   Code   RO         3886    .text               c_w.l(_printf_pad.o)
    0x080002d6   0x080002d6   0x00000052   Code   RO         3888    .text               c_w.l(_printf_str.o)
    0x08000328   0x08000328   0x00000078   Code   RO         3890    .text               c_w.l(_printf_dec.o)
    0x080003a0   0x080003a0   0x00000058   Code   RO         3895    .text               c_w.l(_printf_hex_int.o)
    0x080003f8   0x080003f8   0x00000188   Code   RO         3930    .text               c_w.l(__printf_flags_ss_wp.o)
    0x08000580   0x08000580   0x0000004e   Code   RO         3939    .text               c_w.l(rt_memclr_w.o)
    0x080005ce   0x080005ce   0x00000006   Code   RO         3941    .text               c_w.l(heapauxi.o)
    0x080005d4   0x080005d4   0x00000002   Code   RO         3957    .text               c_w.l(use_no_semi.o)
    0x080005d6   0x080005d6   0x000000b2   Code   RO         3960    .text               c_w.l(_printf_intcommon.o)
    0x08000688   0x08000688   0x0000002c   Code   RO         3962    .text               c_w.l(_printf_char.o)
    0x080006b4   0x080006b4   0x00000024   Code   RO         3964    .text               c_w.l(_printf_char_file.o)
    0x080006d8   0x080006d8   0x00000030   Code   RO         3987    .text               c_w.l(_printf_char_common.o)
    0x08000708   0x08000708   0x00000008   Code   RO         3989    .text               c_w.l(ferror.o)
    0x08000710   0x08000710   0x0000004a   Code   RO         3993    .text               c_w.l(sys_stackheap_outer.o)
    0x0800075a   0x0800075a   0x00000012   Code   RO         3997    .text               c_w.l(exit.o)
    0x0800076c   0x0800076c   0x00000008   Code   RO         4005    .text               c_w.l(libspace.o)
    0x08000774   0x08000774   0x00000004   Code   RO          287    i.BusFault_Handler  stm32f1xx_it.o
    0x08000778   0x08000778   0x00000002   Code   RO          288    i.DebugMon_Handler  stm32f1xx_it.o
    0x0800077a   0x0800077a   0x00000002   PAD
    0x0800077c   0x0800077c   0x00000044   Code   RO         2185    i.FSMC_NORSRAM_Extended_Timing_Init  stm32f1xx_ll_fsmc.o
    0x080007c0   0x080007c0   0x00000078   Code   RO         2186    i.FSMC_NORSRAM_Init  stm32f1xx_ll_fsmc.o
    0x08000838   0x08000838   0x00000042   Code   RO         2187    i.FSMC_NORSRAM_Timing_Init  stm32f1xx_ll_fsmc.o
    0x0800087a   0x0800087a   0x00000002   PAD
    0x0800087c   0x0800087c   0x000001a8   Code   RO          982    i.HAL_DMA_Abort_IT  stm32f1xx_hal_dma.o
    0x08000a24   0x08000a24   0x00000340   Code   RO         1078    i.HAL_GPIO_Init     stm32f1xx_hal_gpio.o
    0x08000d64   0x08000d64   0x00000010   Code   RO         1080    i.HAL_GPIO_ReadPin  stm32f1xx_hal_gpio.o
    0x08000d74   0x08000d74   0x00000014   Code   RO         1081    i.HAL_GPIO_TogglePin  stm32f1xx_hal_gpio.o
    0x08000d88   0x08000d88   0x0000000c   Code   RO         1082    i.HAL_GPIO_WritePin  stm32f1xx_hal_gpio.o
    0x08000d94   0x08000d94   0x0000000c   Code   RO          695    i.HAL_GetTick       stm32f1xx_hal.o
    0x08000da0   0x08000da0   0x00000018   Code   RO          701    i.HAL_IncTick       stm32f1xx_hal.o
    0x08000db8   0x08000db8   0x00000028   Code   RO          702    i.HAL_Init          stm32f1xx_hal.o
    0x08000de0   0x08000de0   0x0000004c   Code   RO          703    i.HAL_InitTick      stm32f1xx_hal.o
    0x08000e2c   0x08000e2c   0x00000002   Code   RO          705    i.HAL_MspInit       stm32f1xx_hal.o
    0x08000e2e   0x08000e2e   0x00000020   Code   RO          860    i.HAL_NVIC_EnableIRQ  stm32f1xx_hal_cortex.o
    0x08000e4e   0x08000e4e   0x0000007c   Code   RO          866    i.HAL_NVIC_SetPriority  stm32f1xx_hal_cortex.o
    0x08000eca   0x08000eca   0x00000002   PAD
    0x08000ecc   0x08000ecc   0x00000028   Code   RO          867    i.HAL_NVIC_SetPriorityGrouping  stm32f1xx_hal_cortex.o
    0x08000ef4   0x08000ef4   0x0000018c   Code   RO         1303    i.HAL_RCC_ClockConfig  stm32f1xx_hal_rcc.o
    0x08001080   0x08001080   0x0000000c   Code   RO         1308    i.HAL_RCC_GetHCLKFreq  stm32f1xx_hal_rcc.o
    0x0800108c   0x0800108c   0x00000020   Code   RO         1310    i.HAL_RCC_GetPCLK1Freq  stm32f1xx_hal_rcc.o
    0x080010ac   0x080010ac   0x00000020   Code   RO         1311    i.HAL_RCC_GetPCLK2Freq  stm32f1xx_hal_rcc.o
    0x080010cc   0x080010cc   0x00000094   Code   RO         1312    i.HAL_RCC_GetSysClockFreq  stm32f1xx_hal_rcc.o
    0x08001160   0x08001160   0x00000464   Code   RO         1315    i.HAL_RCC_OscConfig  stm32f1xx_hal_rcc.o
    0x080015c4   0x080015c4   0x00000066   Code   RO         2046    i.HAL_SRAM_Init     stm32f1xx_hal_sram.o
    0x0800162a   0x0800162a   0x00000002   PAD
    0x0800162c   0x0800162c   0x00000090   Code   RO         3311    i.HAL_SRAM_MspInit  lcd.o
    0x080016bc   0x080016bc   0x00000034   Code   RO          871    i.HAL_SYSTICK_Config  stm32f1xx_hal_cortex.o
    0x080016f0   0x080016f0   0x00000066   Code   RO         2305    i.HAL_TIM_Base_Init  stm32f1xx_hal_tim.o
    0x08001756   0x08001756   0x00000002   Code   RO         2307    i.HAL_TIM_Base_MspInit  stm32f1xx_hal_tim.o
    0x08001758   0x08001758   0x00000090   Code   RO         2310    i.HAL_TIM_Base_Start_IT  stm32f1xx_hal_tim.o
    0x080017e8   0x080017e8   0x00000002   Code   RO         1466    i.HAL_UART_ErrorCallback  stm32f1xx_hal_uart.o
    0x080017ea   0x080017ea   0x00000002   PAD
    0x080017ec   0x080017ec   0x00000154   Code   RO         1469    i.HAL_UART_IRQHandler  stm32f1xx_hal_uart.o
    0x08001940   0x08001940   0x00000072   Code   RO         1470    i.HAL_UART_Init     stm32f1xx_hal_uart.o
    0x080019b2   0x080019b2   0x00000002   PAD
    0x080019b4   0x080019b4   0x000000b4   Code   RO          607    i.HAL_UART_MspInit  usart.o
    0x08001a68   0x08001a68   0x000000d8   Code   RO         1473    i.HAL_UART_Receive  stm32f1xx_hal_uart.o
    0x08001b40   0x08001b40   0x00000070   Code   RO         1475    i.HAL_UART_Receive_IT  stm32f1xx_hal_uart.o
    0x08001bb0   0x08001bb0   0x0000009c   Code   RO          608    i.HAL_UART_RxCpltCallback  usart.o
    0x08001c4c   0x08001c4c   0x000000d2   Code   RO         1478    i.HAL_UART_Transmit  stm32f1xx_hal_uart.o
    0x08001d1e   0x08001d1e   0x00000002   Code   RO         1481    i.HAL_UART_TxCpltCallback  stm32f1xx_hal_uart.o
    0x08001d20   0x08001d20   0x00000004   Code   RO          289    i.HardFault_Handler  stm32f1xx_it.o
    0x08001d24   0x08001d24   0x00000004   Code   RO          290    i.MemManage_Handler  stm32f1xx_it.o
    0x08001d28   0x08001d28   0x00000002   Code   RO          291    i.NMI_Handler       stm32f1xx_it.o
    0x08001d2a   0x08001d2a   0x00000002   Code   RO          292    i.PendSV_Handler    stm32f1xx_it.o
    0x08001d2c   0x08001d2c   0x00000028   Code   RO         1316    i.RCC_Delay         stm32f1xx_hal_rcc.o
    0x08001d54   0x08001d54   0x00000002   Code   RO          293    i.SVC_Handler       stm32f1xx_it.o
    0x08001d56   0x08001d56   0x00000008   Code   RO          294    i.SysTick_Handler   stm32f1xx_it.o
    0x08001d5e   0x08001d5e   0x00000002   Code   RO          251    i.SystemInit        system_stm32f1xx.o
    0x08001d60   0x08001d60   0x00000044   Code   RO         3744    i.TIM4_IRQHandler   usmart_port.o
    0x08001da4   0x08001da4   0x0000009c   Code   RO         2398    i.TIM_Base_SetConfig  stm32f1xx_hal_tim.o
    0x08001e40   0x08001e40   0x00000014   Code   RO         1483    i.UART_DMAAbortOnError  stm32f1xx_hal_uart.o
    0x08001e54   0x08001e54   0x00000020   Code   RO         1493    i.UART_EndRxTransfer  stm32f1xx_hal_uart.o
    0x08001e74   0x08001e74   0x00000020   Code   RO         1494    i.UART_EndTransmit_IT  stm32f1xx_hal_uart.o
    0x08001e94   0x08001e94   0x000000a0   Code   RO         1496    i.UART_Receive_IT   stm32f1xx_hal_uart.o
    0x08001f34   0x08001f34   0x000000fc   Code   RO         1497    i.UART_SetConfig    stm32f1xx_hal_uart.o
    0x08002030   0x08002030   0x00000060   Code   RO         1498    i.UART_Transmit_IT  stm32f1xx_hal_uart.o
    0x08002090   0x08002090   0x0000006c   Code   RO         1499    i.UART_WaitOnFlagUntilTimeout  stm32f1xx_hal_uart.o
    0x080020fc   0x080020fc   0x00000010   Code   RO          609    i.USART1_IRQHandler  usart.o
    0x0800210c   0x0800210c   0x00000048   Code   RO         3603    i.USART2_IRQHandler  rs485.o
    0x08002154   0x08002154   0x00000004   Code   RO          295    i.UsageFault_Handler  stm32f1xx_it.o
    0x08002158   0x08002158   0x00000010   Code   RO          873    i.__NVIC_GetPriorityGrouping  stm32f1xx_hal_cortex.o
    0x08002168   0x08002168   0x00000028   Code   RO          874    i.__NVIC_SetPriority  stm32f1xx_hal_cortex.o
    0x08002190   0x08002190   0x0000000e   Code   RO         3923    i._is_digit         c_w.l(__printf_wp.o)
    0x0800219e   0x0800219e   0x00000004   Code   RO          611    i._sys_exit         usart.o
    0x080021a2   0x080021a2   0x00000002   PAD
    0x080021a4   0x080021a4   0x0000000c   Code   RO          491    i.delay_init        delay.o
    0x080021b0   0x080021b0   0x00000012   Code   RO          492    i.delay_ms          delay.o
    0x080021c2   0x080021c2   0x00000002   PAD
    0x080021c4   0x080021c4   0x00000048   Code   RO          493    i.delay_us          delay.o
    0x0800220c   0x0800220c   0x0000001c   Code   RO          613    i.fputc             usart.o
    0x08002228   0x08002228   0x000000b8   Code   RO         3572    i.key_init          key.o
    0x080022e0   0x080022e0   0x000000a0   Code   RO         3573    i.key_scan          key.o
    0x08002380   0x08002380   0x00000034   Code   RO         3312    i.lcd_clear         lcd.o
    0x080023b4   0x080023b4   0x0000016c   Code   RO         3314    i.lcd_display_dir   lcd.o
    0x08002520   0x08002520   0x00000020   Code   RO         3320    i.lcd_draw_point    lcd.o
    0x08002540   0x08002540   0x0000022c   Code   RO         3322    i.lcd_ex_ili9341_reginit  lcd.o
    0x0800276c   0x0800276c   0x00000340   Code   RO         3323    i.lcd_ex_ili9806_reginit  lcd.o
    0x08002aac   0x08002aac   0x00000ef2   Code   RO         3324    i.lcd_ex_nt35310_reginit  lcd.o
    0x0800399e   0x0800399e   0x00000efc   Code   RO         3325    i.lcd_ex_nt35510_reginit  lcd.o
    0x0800489a   0x0800489a   0x0000016e   Code   RO         3326    i.lcd_ex_ssd1963_reginit  lcd.o
    0x08004a08   0x08004a08   0x000001a8   Code   RO         3327    i.lcd_ex_st7789_reginit  lcd.o
    0x08004bb0   0x08004bb0   0x000001c6   Code   RO         3328    i.lcd_ex_st7796_reginit  lcd.o
    0x08004d76   0x08004d76   0x00000002   PAD
    0x08004d78   0x08004d78   0x00000468   Code   RO         3331    i.lcd_init          lcd.o
    0x080051e0   0x080051e0   0x0000000c   Code   RO         3332    i.lcd_opt_delay     lcd.o
    0x080051ec   0x080051ec   0x00000016   Code   RO         3333    i.lcd_pow           lcd.o
    0x08005202   0x08005202   0x00000002   PAD
    0x08005204   0x08005204   0x00000018   Code   RO         3334    i.lcd_rd_data       lcd.o
    0x0800521c   0x0800521c   0x0000023c   Code   RO         3336    i.lcd_scan_dir      lcd.o
    0x08005458   0x08005458   0x00000120   Code   RO         3337    i.lcd_set_cursor    lcd.o
    0x08005578   0x08005578   0x00000140   Code   RO         3339    i.lcd_show_char     lcd.o
    0x080056b8   0x080056b8   0x0000006a   Code   RO         3341    i.lcd_show_string   lcd.o
    0x08005722   0x08005722   0x000000c6   Code   RO         3342    i.lcd_show_xnum     lcd.o
    0x080057e8   0x080057e8   0x00000054   Code   RO         3343    i.lcd_ssd_backlight_set  lcd.o
    0x0800583c   0x0800583c   0x00000018   Code   RO         3344    i.lcd_wr_data       lcd.o
    0x08005854   0x08005854   0x00000018   Code   RO         3345    i.lcd_wr_regno      lcd.o
    0x0800586c   0x0800586c   0x00000014   Code   RO         3346    i.lcd_write_ram_prepare  lcd.o
    0x08005880   0x08005880   0x00000010   Code   RO         3347    i.lcd_write_reg     lcd.o
    0x08005890   0x08005890   0x00000090   Code   RO         3287    i.led_init          led.o
    0x08005920   0x08005920   0x0000021c   Code   RO           13    i.main              main.o
    0x08005b3c   0x08005b3c   0x00000006   Code   RO         3652    i.read_addr         usmart.o
    0x08005b42   0x08005b42   0x00000002   PAD
    0x08005b44   0x08005b44   0x00000120   Code   RO         3604    i.rs485_init        rs485.o
    0x08005c64   0x08005c64   0x0000004c   Code   RO         3605    i.rs485_receive_data  rs485.o
    0x08005cb0   0x08005cb0   0x00000044   Code   RO         3606    i.rs485_send_data   rs485.o
    0x08005cf4   0x08005cf4   0x00000066   Code   RO          540    i.sys_stm32_clock_init  sys.o
    0x08005d5a   0x08005d5a   0x00000002   PAD
    0x08005d5c   0x08005d5c   0x00000038   Code   RO          614    i.usart_init        usart.o
    0x08005d94   0x08005d94   0x000000b0   Code   RO         3653    i.usmart_cmd_rec    usmart.o
    0x08005e44   0x08005e44   0x000002d4   Code   RO         3654    i.usmart_exe        usmart.o
    0x08006118   0x08006118   0x000000d4   Code   RO         3795    i.usmart_get_aparm  usmart_str.o
    0x080061ec   0x080061ec   0x00000036   Code   RO         3796    i.usmart_get_cmdname  usmart_str.o
    0x08006222   0x08006222   0x00000002   PAD
    0x08006224   0x08006224   0x000001c0   Code   RO         3797    i.usmart_get_fname  usmart_str.o
    0x080063e4   0x080063e4   0x0000010c   Code   RO         3798    i.usmart_get_fparam  usmart_str.o
    0x080064f0   0x080064f0   0x00000028   Code   RO         3745    i.usmart_get_input_string  usmart_port.o
    0x08006518   0x08006518   0x00000020   Code   RO         3799    i.usmart_get_parmpos  usmart_str.o
    0x08006538   0x08006538   0x00000028   Code   RO         3655    i.usmart_init       usmart.o
    0x08006560   0x08006560   0x00000016   Code   RO         3800    i.usmart_pow        usmart_str.o
    0x08006576   0x08006576   0x00000002   PAD
    0x08006578   0x08006578   0x000000a8   Code   RO         3656    i.usmart_scan       usmart.o
    0x08006620   0x08006620   0x00000016   Code   RO         3801    i.usmart_search_nextc  usmart_str.o
    0x08006636   0x08006636   0x00000106   Code   RO         3802    i.usmart_str2num    usmart_str.o
    0x0800673c   0x0800673c   0x00000022   Code   RO         3803    i.usmart_strcmp     usmart_str.o
    0x0800675e   0x0800675e   0x00000016   Code   RO         3804    i.usmart_strcopy    usmart_str.o
    0x08006774   0x08006774   0x00000018   Code   RO         3805    i.usmart_strlen     usmart_str.o
    0x0800678c   0x0800678c   0x000006f4   Code   RO         3657    i.usmart_sys_cmd_exe  usmart.o
    0x08006e80   0x08006e80   0x00000044   Code   RO         3746    i.usmart_timx_get_time  usmart_port.o
    0x08006ec4   0x08006ec4   0x00000060   Code   RO         3747    i.usmart_timx_init  usmart_port.o
    0x08006f24   0x08006f24   0x00000034   Code   RO         3748    i.usmart_timx_reset_time  usmart_port.o
    0x08006f58   0x08006f58   0x00000004   Code   RO         3658    i.write_addr        usmart.o
    0x08006f5c   0x08006f5c   0x0000005a   Code   RO         3945    x$fpl$dfixu         fz_ws.l(dfixu.o)
    0x08006fb6   0x08006fb6   0x00000026   Code   RO         3949    x$fpl$dfltu         fz_ws.l(dflt_clz.o)
    0x08006fdc   0x08006fdc   0x00000154   Code   RO         3955    x$fpl$dmul          fz_ws.l(dmul.o)
    0x08007130   0x08007130   0x0000009c   Code   RO         3967    x$fpl$dnaninf       fz_ws.l(dnaninf.o)
    0x080071cc   0x080071cc   0x0000000c   Code   RO         3969    x$fpl$dretinf       fz_ws.l(dretinf.o)
    0x080071d8   0x080071d8   0x00000000   Code   RO         3971    x$fpl$usenofp       fz_ws.l(usenofp.o)
    0x080071d8   0x080071d8   0x00000018   Data   RO          252    .constdata          system_stm32f1xx.o
    0x080071f0   0x080071f0   0x00002f80   Data   RO         3349    .constdata          lcd.o
    0x0800a170   0x0800a170   0x00000028   Data   RO         3896    .constdata          c_w.l(_printf_hex_int.o)
    0x0800a198   0x0800a198   0x00000011   Data   RO         3931    .constdata          c_w.l(__printf_flags_ss_wp.o)
    0x0800a1a9   0x0800a1a9   0x00000003   PAD
    0x0800a1ac   0x0800a1ac   0x00000028   Data   RO         3659    .conststring        usmart.o
    0x0800a1d4   0x0800a1d4   0x000000b8   Data   RO         3719    .conststring        usmart_config.o
    0x0800a28c   0x0800a28c   0x00000020   Data   RO         4125    Region$$Table       anon$$obj.o


    Execution Region RW_IRAM1 (Exec base: 0x20000000, Load base: 0x0800a2ac, Size: 0x000009e8, Max: 0x00010000, ABSOLUTE, COMPRESSED[0x00000060])

    Exec Addr    Load Addr    Size         Type   Attr      Idx    E Section Name        Object

    0x20000000   COMPRESSED   0x00000004   Data   RW          253    .data               system_stm32f1xx.o
    0x20000004   COMPRESSED   0x00000004   Data   RW          494    .data               delay.o
    0x20000008   COMPRESSED   0x00000007   Data   RW          616    .data               usart.o
    0x2000000f   COMPRESSED   0x00000001   PAD
    0x20000010   COMPRESSED   0x00000009   Data   RW          709    .data               stm32f1xx_hal.o
    0x20000019   COMPRESSED   0x00000003   PAD
    0x2000001c   COMPRESSED   0x00000008   Data   RW         3350    .data               lcd.o
    0x20000024   COMPRESSED   0x00000001   Data   RW         3574    .data               key.o
    0x20000025   COMPRESSED   0x00000001   Data   RW         3608    .data               rs485.o
    0x20000026   COMPRESSED   0x00000002   PAD
    0x20000028   COMPRESSED   0x0000001c   Data   RW         3660    .data               usmart.o
    0x20000044   COMPRESSED   0x0000011c   Data   RW         3720    .data               usmart_config.o
    0x20000160        -       0x00000108   Zero   RW          615    .bss                usart.o
    0x20000268        -       0x00000056   Zero   RW         3348    .bss                lcd.o
    0x200002be   COMPRESSED   0x00000002   PAD
    0x200002c0        -       0x00000080   Zero   RW         3607    .bss                rs485.o
    0x20000340        -       0x00000048   Zero   RW         3749    .bss                usmart_port.o
    0x20000388        -       0x00000060   Zero   RW         4006    .bss                c_w.l(libspace.o)
    0x200003e8        -       0x00000200   Zero   RW            2    HEAP                startup_stm32f103xe.o
    0x200005e8        -       0x00000400   Zero   RW            1    STACK               startup_stm32f103xe.o


==============================================================================

Image component sizes


      Code (inc. data)   RO Data    RW Data    ZI Data      Debug   Object Name

       102         10          0          4          0       1963   delay.o
       344         24          0          1          0       1742   key.o
     13724        172      12160          8         86      26155   lcd.o
       144         12          0          0          0        967   led.o
       540         92          0          0          0     496027   main.o
       504         52          0          1        128       3448   rs485.o
        64         26        304          0       1536        960   startup_stm32f103xe.o
       154         32          0          9          0       6631   stm32f1xx_hal.o
       304         22          0          0          0      29667   stm32f1xx_hal_cortex.o
       424         10          0          0          0       1303   stm32f1xx_hal_dma.o
       880         40          0          0          0       4120   stm32f1xx_hal_gpio.o
      1784        110          0          0          0       6288   stm32f1xx_hal_rcc.o
       102          0          0          0          0       1268   stm32f1xx_hal_sram.o
       404         44          0          0          0       3276   stm32f1xx_hal_tim.o
      1696         10          0          0          0      11142   stm32f1xx_hal_uart.o
        32          0          0          0          0       4158   stm32f1xx_it.o
       254         10          0          0          0       3967   stm32f1xx_ll_fsmc.o
       102          0          0          0          0        743   sys.o
         2          0         24          4          0       1427   system_stm32f1xx.o
       440         56          0          7        264       5661   usart.o
      2898       1308         40         28          0       6038   usmart.o
         0          0        184        284          0       1664   usmart_config.o
       324         50          0          0         72       3542   usmart_port.o
      1400         20          0          0          0       9397   usmart_str.o

    ----------------------------------------------------------------------
     26650       2100      12744        352       2088     631554   Object Totals
         0          0         32          0          0          0   (incl. Generated)
        28          0          0          6          2          0   (incl. Padding)

    ----------------------------------------------------------------------

      Code (inc. data)   RO Data    RW Data    ZI Data      Debug   Library Member Name

        90          0          0          0          0          0   __dczerorl2.o
         8          0          0          0          0         68   __main.o
       392          4         17          0          0         92   __printf_flags_ss_wp.o
        14          0          0          0          0         68   __printf_wp.o
         0          0          0          0          0          0   __rtentry.o
        12          0          0          0          0          0   __rtentry2.o
         6          0          0          0          0          0   __rtentry4.o
        52          8          0          0          0          0   __scatter.o
        28          0          0          0          0          0   __scatter_zi.o
         6          0          0          0          0          0   _printf_c.o
        44          0          0          0          0        108   _printf_char.o
        48          6          0          0          0         96   _printf_char_common.o
        36          4          0          0          0         80   _printf_char_file.o
         6          0          0          0          0          0   _printf_d.o
       120         16          0          0          0         92   _printf_dec.o
        88          4         40          0          0         88   _printf_hex_int.o
       178          0          0          0          0         88   _printf_intcommon.o
        78          0          0          0          0        108   _printf_pad.o
         0          0          0          0          0          0   _printf_percent.o
         4          0          0          0          0          0   _printf_percent_end.o
         6          0          0          0          0          0   _printf_s.o
        82          0          0          0          0         80   _printf_str.o
         6          0          0          0          0          0   _printf_u.o
         6          0          0          0          0          0   _printf_x.o
        18          0          0          0          0         80   exit.o
         8          0          0          0          0         68   ferror.o
         6          0          0          0          0        152   heapauxi.o
         2          0          0          0          0          0   libinit.o
         2          0          0          0          0          0   libinit2.o
         2          0          0          0          0          0   libshutdown.o
         2          0          0          0          0          0   libshutdown2.o
         8          4          0          0         96         68   libspace.o
        24          4          0          0          0         84   noretval__2printf.o
        78          0          0          0          0         80   rt_memclr_w.o
         2          0          0          0          0          0   rtexit.o
        10          0          0          0          0          0   rtexit2.o
        74          0          0          0          0         80   sys_stackheap_outer.o
         2          0          0          0          0         68   use_no_semi.o
         2          0          0          0          0         68   use_no_semi_2.o
        90          4          0          0          0         92   dfixu.o
        38          0          0          0          0         68   dflt_clz.o
       340         12          0          0          0        104   dmul.o
       156          4          0          0          0         92   dnaninf.o
        12          0          0          0          0         68   dretinf.o
         0          0          0          0          0          0   usenofp.o

    ----------------------------------------------------------------------
      2190         70         60          0         96       2140   Library Totals
         4          0          3          0          0          0   (incl. Padding)

    ----------------------------------------------------------------------

      Code (inc. data)   RO Data    RW Data    ZI Data      Debug   Library Name

      1550         50         57          0         96       1716   c_w.l
       636         20          0          0          0        424   fz_ws.l

    ----------------------------------------------------------------------
      2190         70         60          0         96       2140   Library Totals

    ----------------------------------------------------------------------

==============================================================================


      Code (inc. data)   RO Data    RW Data    ZI Data      Debug   

     28840       2170      12804        352       2184     626618   Grand Totals
     28840       2170      12804         96       2184     626618   ELF Image Totals (compressed)
     28840       2170      12804         96          0          0   ROM Totals

==============================================================================

    Total RO  Size (Code + RO Data)                41644 (  40.67kB)
    Total RW  Size (RW Data + ZI Data)              2536 (   2.48kB)
    Total ROM Size (Code + RO Data + RW Data)      41740 (  40.76kB)

==============================================================================

